******************************************************************************
                  TI ARM Linker PC v20.2.1                     
******************************************************************************
>> Linked Sat Jan 23 22:35:19 2021

OUTPUT FILE NAME:   <master_slave_loopback_tests.out>
ENTRY POINT SYMBOL: "_c_int00_noargs"  address: 0000103d


MEMORY CONFIGURATION

         name            origin    length      used     unused   attr    fill
----------------------  --------  ---------  --------  --------  ----  --------
  FLASH                 00000000   00040000  0000129e  0003ed62  R  X
  SRAM                  20000000   00008000  000001fd  00007e03  RW X


SEGMENT ALLOCATION MAP

run origin  load origin   length   init length attrs members
----------  ----------- ---------- ----------- ----- -------
00000000    00000000    000012a0   000012a0    r-x
  00000000    00000000    0000026c   0000026c    r-- .intvecs
  0000026c    0000026c    00000eee   00000eee    r-x .text
  0000115c    0000115c    0000012c   0000012c    r-- .const
  00001288    00001288    00000018   00000018    r-- .cinit
20000000    20000000    000001fd   00000000    rw-
  20000000    20000000    000001f8   00000000    rw- .stack
  200001f8    200001f8    00000005   00000000    rw- .data


SECTION ALLOCATION MAP

 output                                  attributes/
section   page    origin      length       input sections
--------  ----  ----------  ----------   ----------------
.intvecs   0    00000000    0000026c     
                  00000000    0000026c     tm4c123gh6pm_startup_ccs.obj (.intvecs)

.text      0    0000026c    00000eee     
                  0000026c    00000574     uartstdio.obj (.text)
                  000007e0    00000290     main.obj (.text)
                  00000a70    0000016c     driverlib.lib : gpio.obj (.text:GPIOPadConfigSet)
                  00000bdc    00000118                   : sysctl.obj (.text:SysCtlClockGet)
                  00000cf4    000000f4                   : sysctl.obj (.text:SysCtlClockSet)
                  00000de8    0000009c     rtsv7M4_T_le_v4SPD16_eabi.lib : memcpy_t2.asm.obj (.text)
                  00000e84    00000068                                   : copy_decompress_lzss.c.obj (.text:decompress:lzss:__TI_decompress_lzss)
                  00000eec    0000004c     driverlib.lib : gpio.obj (.text:GPIOPinConfigure)
                  00000f38    0000004c                   : i2c.obj (.text:I2CMasterInitExpClk)
                  00000f84    00000044     rtsv7M4_T_le_v4SPD16_eabi.lib : autoinit.c.obj (.text:__TI_auto_init_nobinit_nopinit:__TI_auto_init_nobinit_nopinit)
                  00000fc8    00000040                                   : u_divt2.asm.obj (.text)
                  00001008    00000034     driverlib.lib : sysctl.obj (.text:SysCtlPeripheralEnable)
                  0000103c    00000034     rtsv7M4_T_le_v4SPD16_eabi.lib : boot_cortex_m.c.obj (.text:_c_int00_noargs:_c_int00_noargs)
                  00001070    0000002c     driverlib.lib : gpio.obj (.text:GPIODirModeSet)
                  0000109c    00000016                   : gpio.obj (.text:GPIOPinTypeI2C)
                  000010b2    00000016                   : gpio.obj (.text:GPIOPinTypeI2CSCL)
                  000010c8    00000016                   : gpio.obj (.text:GPIOPinTypeUART)
                  000010de    00000010                   : i2c.obj (.text:I2CSlaveEnable)
                  000010ee    0000000e                   : i2c.obj (.text:I2CSlaveInit)
                  000010fc    0000000e     rtsv7M4_T_le_v4SPD16_eabi.lib : copy_decompress_none.c.obj (.text:decompress:none:__TI_decompress_none)
                  0000110a    0000000c     tm4c123gh6pm_startup_ccs.obj (.text)
                  00001116    0000000a     driverlib.lib : i2c.obj (.text:I2CMasterEnable)
                  00001120    00000008                   : i2c.obj (.text:I2CMasterBusy)
                  00001128    00000008                   : i2c.obj (.text:I2CMasterSlaveAddrSet)
                  00001130    00000006                   : i2c.obj (.text:I2CSlaveDataGet)
                  00001136    00000006                   : i2c.obj (.text:I2CSlaveStatus)
                  0000113c    00000006                   : sysctl.obj (.text:SysCtlDelay)
                  00001142    00000006                   : uart.obj (.text:UARTClockSourceSet)
                  00001148    00000004                   : i2c.obj (.text:I2CMasterControl)
                  0000114c    00000004                   : i2c.obj (.text:I2CMasterDataPut)
                  00001150    00000004     rtsv7M4_T_le_v4SPD16_eabi.lib : pre_init.c.obj (.text:_system_pre_init)
                  00001154    00000004                                   : exit.c.obj (.text:abort:abort)
                  00001158    00000002                                   : div0.asm.obj (.text)

.const     0    0000115c    0000012c     
                  0000115c    00000090     driverlib.lib : gpio.obj (.const:g_pui32GPIOBaseAddrs)
                  000011ec    0000006c                   : sysctl.obj (.const:g_pui32Xtals)
                  00001258    00000012     uartstdio.obj (.const:.string)
                  0000126a    00000002     --HOLE-- [fill = 0]
                  0000126c    0000000c     uartstdio.obj (.const:g_ui32UARTBase)
                  00001278    0000000c     uartstdio.obj (.const:g_ui32UARTPeriph)
                  00001284    00000004     uartstdio.obj (.const)

.cinit     0    00001288    00000018     
                  00001288    00000008     (__TI_handler_table)
                  00001290    00000007     (.cinit..data.load) [load image, compression = lzss]
                  00001297    00000001     --HOLE-- [fill = 0]
                  00001298    00000008     (__TI_cinit_table)

.init_array 
*          0    00000000    00000000     UNINITIALIZED

.data      0    200001f8    00000005     UNINITIALIZED
                  200001f8    00000005     uartstdio.obj (.data)

.stack     0    20000000    000001f8     UNINITIALIZED
                  20000000    00000004     rtsv7M4_T_le_v4SPD16_eabi.lib : boot_cortex_m.c.obj (.stack)
                  20000004    000001f4     --HOLE--

__llvm_prf_cnts 
*          0    20000000    00000000     UNINITIALIZED

MODULE SUMMARY

       Module                         code   ro data   rw data
       ------                         ----   -------   -------
    .\
       main.obj                       656    0         0      
       tm4c123gh6pm_startup_ccs.obj   12     620       0      
    +--+------------------------------+------+---------+---------+
       Total:                         668    620       0      
                                                              
    .\utils\
       uartstdio.obj                  1396   46        5      
    +--+------------------------------+------+---------+---------+
       Total:                         1396   46        5      
                                                              
    C:/ti/TivaWare_C_Series-2.2.0.295/driverlib/ccs/Debug/driverlib.lib
       gpio.obj                       550    144       0      
       sysctl.obj                     582    108       0      
       i2c.obj                        152    0         0      
       uart.obj                       6      0         0      
    +--+------------------------------+------+---------+---------+
       Total:                         1290   252       0      
                                                              
    C:\ti\ccs1011\ccs\tools\compiler\ti-cgt-arm_20.2.1.LTS\lib\rtsv7M4_T_le_v4SPD16_eabi.lib
       memcpy_t2.asm.obj              156    0         0      
       copy_decompress_lzss.c.obj     104    0         0      
       autoinit.c.obj                 68     0         0      
       u_divt2.asm.obj                64     0         0      
       boot_cortex_m.c.obj            52     0         0      
       copy_decompress_none.c.obj     14     0         0      
       exit.c.obj                     4      0         0      
       pre_init.c.obj                 4      0         0      
       div0.asm.obj                   2      0         0      
    +--+------------------------------+------+---------+---------+
       Total:                         468    0         0      
                                                              
       Stack:                         0      0         504    
       Linker Generated:              0      23        0      
    +--+------------------------------+------+---------+---------+
       Grand Total:                   3822   941       509    


LINKER GENERATED COPY TABLES

__TI_cinit_table @ 00001298 records: 1, size/record: 8, table size: 8
	.data: load addr=00001290, load size=00000007 bytes, run addr=200001f8, run size=00000005 bytes, compression=lzss


LINKER GENERATED HANDLER TABLE

__TI_handler_table @ 00001288 records: 2, size/record: 4, table size: 8
	index: 0, handler: __TI_decompress_lzss
	index: 1, handler: __TI_decompress_none


GLOBAL SYMBOLS: SORTED ALPHABETICALLY BY Name 

address   name                          
-------   ----                          
00001155  C$$EXIT                       
00001071  GPIODirModeSet                
00000a71  GPIOPadConfigSet              
00000eed  GPIOPinConfigure              
0000109d  GPIOPinTypeI2C                
000010b3  GPIOPinTypeI2CSCL             
000010c9  GPIOPinTypeUART               
00001121  I2CMasterBusy                 
00001149  I2CMasterControl              
0000114d  I2CMasterDataPut              
00001117  I2CMasterEnable               
00000f39  I2CMasterInitExpClk           
00001129  I2CMasterSlaveAddrSet         
00001131  I2CSlaveDataGet               
000010df  I2CSlaveEnable                
000010ef  I2CSlaveInit                  
00001137  I2CSlaveStatus                
000007ed  InitConsole                   
0000110b  ResetISR                      
00000bdd  SysCtlClockGet                
00000cf5  SysCtlClockSet                
0000113d  SysCtlDelay                   
00001009  SysCtlPeripheralEnable        
00001143  UARTClockSourceSet            
0000026d  UARTStdioConfig               
00000453  UARTgetc                      
00000361  UARTgets                      
000007ab  UARTprintf                    
00000489  UARTvprintf                   
000002e7  UARTwrite                     
200001f8  __STACK_END                   
000001f8  __STACK_SIZE                  
20000200  __STACK_TOP                   
00001298  __TI_CINIT_Base               
000012a0  __TI_CINIT_Limit              
00001288  __TI_Handler_Table_Base       
00001290  __TI_Handler_Table_Limit      
00000f85  __TI_auto_init_nobinit_nopinit
00000e85  __TI_decompress_lzss          
000010fd  __TI_decompress_none          
ffffffff  __TI_pprof_out_hndl           
ffffffff  __TI_prof_data_size           
ffffffff  __TI_prof_data_start          
00000000  __TI_static_base__            
00001159  __aeabi_idiv0                 
00001159  __aeabi_ldiv0                 
00000de9  __aeabi_memcpy                
00000de9  __aeabi_memcpy4               
00000de9  __aeabi_memcpy8               
00000fc9  __aeabi_uidiv                 
00000fc9  __aeabi_uidivmod              
ffffffff  __binit__                     
ffffffff  __c_args__                    
000007e1  __error__                     
UNDEFED   __mpu_init                    
20000000  __stack                       
20000000  __start___llvm_prf_cnts       
20000000  __stop___llvm_prf_cnts        
0000103d  _c_int00_noargs               
UNDEFED   _system_post_cinit            
00001151  _system_pre_init              
00001155  abort                         
ffffffff  binit                         
00000000  g_pfnVectors                  
00000829  main                          
00000de9  memcpy                        


GLOBAL SYMBOLS: SORTED BY Symbol Address 

address   name                          
-------   ----                          
00000000  __TI_static_base__            
00000000  g_pfnVectors                  
000001f8  __STACK_SIZE                  
0000026d  UARTStdioConfig               
000002e7  UARTwrite                     
00000361  UARTgets                      
00000453  UARTgetc                      
00000489  UARTvprintf                   
000007ab  UARTprintf                    
000007e1  __error__                     
000007ed  InitConsole                   
00000829  main                          
00000a71  GPIOPadConfigSet              
00000bdd  SysCtlClockGet                
00000cf5  SysCtlClockSet                
00000de9  __aeabi_memcpy                
00000de9  __aeabi_memcpy4               
00000de9  __aeabi_memcpy8               
00000de9  memcpy                        
00000e85  __TI_decompress_lzss          
00000eed  GPIOPinConfigure              
00000f39  I2CMasterInitExpClk           
00000f85  __TI_auto_init_nobinit_nopinit
00000fc9  __aeabi_uidiv                 
00000fc9  __aeabi_uidivmod              
00001009  SysCtlPeripheralEnable        
0000103d  _c_int00_noargs               
00001071  GPIODirModeSet                
0000109d  GPIOPinTypeI2C                
000010b3  GPIOPinTypeI2CSCL             
000010c9  GPIOPinTypeUART               
000010df  I2CSlaveEnable                
000010ef  I2CSlaveInit                  
000010fd  __TI_decompress_none          
0000110b  ResetISR                      
00001117  I2CMasterEnable               
00001121  I2CMasterBusy                 
00001129  I2CMasterSlaveAddrSet         
00001131  I2CSlaveDataGet               
00001137  I2CSlaveStatus                
0000113d  SysCtlDelay                   
00001143  UARTClockSourceSet            
00001149  I2CMasterControl              
0000114d  I2CMasterDataPut              
00001151  _system_pre_init              
00001155  C$$EXIT                       
00001155  abort                         
00001159  __aeabi_idiv0                 
00001159  __aeabi_ldiv0                 
00001288  __TI_Handler_Table_Base       
00001290  __TI_Handler_Table_Limit      
00001298  __TI_CINIT_Base               
000012a0  __TI_CINIT_Limit              
20000000  __stack                       
20000000  __start___llvm_prf_cnts       
20000000  __stop___llvm_prf_cnts        
200001f8  __STACK_END                   
20000200  __STACK_TOP                   
ffffffff  __TI_pprof_out_hndl           
ffffffff  __TI_prof_data_size           
ffffffff  __TI_prof_data_start          
ffffffff  __binit__                     
ffffffff  __c_args__                    
ffffffff  binit                         
UNDEFED   __mpu_init                    
UNDEFED   _system_post_cinit            

[66 symbols]
