******************************************************************************
                  TI ARM Linker PC v20.2.1                     
******************************************************************************
>> Linked Sat Jan  9 23:55:15 2021

OUTPUT FILE NAME:   <readingWaterDrop_analog.out>
ENTRY POINT SYMBOL: "_c_int00_noinit_noargs"  address: 000007d1


MEMORY CONFIGURATION

         name            origin    length      used     unused   attr    fill
----------------------  --------  ---------  --------  --------  ----  --------
  FLASH                 00000000   00040000  000008e6  0003f71a  R  X
  SRAM                  20000000   00008000  00000200  00007e00  RW X


SEGMENT ALLOCATION MAP

run origin  load origin   length   init length attrs members
----------  ----------- ---------- ----------- ----- -------
00000000    00000000    000008e8   000008e8    r-x
  00000000    00000000    0000026c   0000026c    r-- .intvecs
  0000026c    0000026c    0000060e   0000060e    r-x .text
  0000087c    0000087c    0000006c   0000006c    r-- .const
20000000    20000000    00000200   00000000    rw-
  20000000    20000000    00000200   00000000    rw- .stack


SECTION ALLOCATION MAP

 output                                  attributes/
section   page    origin      length       input sections
--------  ----  ----------  ----------   ----------------
.intvecs   0    00000000    0000026c     
                  00000000    0000026c     tm4c123gh6pm_startup_ccs.obj (.intvecs)

.text      0    0000026c    0000060e     
                  0000026c    0000016c     driverlib.lib : gpio.obj (.text:GPIOPadConfigSet)
                  000003d8    00000118                   : sysctl.obj (.text:SysCtlClockGet)
                  000004f0    000000f4                   : sysctl.obj (.text:SysCtlClockSet)
                  000005e4    00000094     main.obj (.text)
                  00000678    0000007a     driverlib.lib : adc.obj (.text:ADCSequenceStepConfigure)
                  000006f2    0000004e                   : adc.obj (.text:ADCSequenceConfigure)
                  00000740    00000034                   : sysctl.obj (.text:SysCtlPeripheralEnable)
                  00000774    0000002e                   : adc.obj (.text:ADCIntStatus)
                  000007a2    0000002c                   : gpio.obj (.text:GPIODirModeSet)
                  000007ce    00000002     --HOLE-- [fill = 0]
                  000007d0    0000002c     rtsv7M4_T_le_v4SPD16_eabi.lib : boot_cortex_m.c.obj (.text:_c_int00_noinit_noargs:_c_int00_noinit_noargs)
                  000007fc    0000001e     driverlib.lib : adc.obj (.text:ADCSequenceDataGet)
                  0000081a    00000018                   : adc.obj (.text:ADCProcessorTrigger)
                  00000832    00000016                   : gpio.obj (.text:GPIOPinTypeADC)
                  00000848    0000000e                   : adc.obj (.text:ADCSequenceEnable)
                  00000856    0000000c     tm4c123gh6pm_startup_ccs.obj (.text)
                  00000862    0000000a     driverlib.lib : adc.obj (.text:ADCIntClear)
                  0000086c    00000006                   : sysctl.obj (.text:SysCtlDelay)
                  00000872    00000004     rtsv7M4_T_le_v4SPD16_eabi.lib : pre_init.c.obj (.text:_system_pre_init)
                  00000876    00000004                                   : exit.c.obj (.text:abort:abort)

.const     0    0000087c    0000006c     
                  0000087c    0000006c     driverlib.lib : sysctl.obj (.const:g_pui32Xtals)

.cinit     0    00000000    00000000     UNINITIALIZED

.init_array 
*          0    00000000    00000000     UNINITIALIZED

.stack     0    20000000    00000200     UNINITIALIZED
                  20000000    00000004     rtsv7M4_T_le_v4SPD16_eabi.lib : boot_cortex_m.c.obj (.stack)
                  20000004    000001fc     --HOLE--

__llvm_prf_cnts 
*          0    20000000    00000000     UNINITIALIZED

MODULE SUMMARY

       Module                         code   ro data   rw data
       ------                         ----   -------   -------
    .\
       tm4c123gh6pm_startup_ccs.obj   12     620       0      
       main.obj                       148    0         0      
    +--+------------------------------+------+---------+---------+
       Total:                         160    620       0      
                                                              
    C:/ti/TivaWare_C_Series-2.2.0.295/driverlib/ccs/Debug/driverlib.lib
       sysctl.obj                     582    108       0      
       gpio.obj                       430    0         0      
       adc.obj                        324    0         0      
    +--+------------------------------+------+---------+---------+
       Total:                         1336   108       0      
                                                              
    C:\ti\ccs1011\ccs\tools\compiler\ti-cgt-arm_20.2.1.LTS\lib\rtsv7M4_T_le_v4SPD16_eabi.lib
       boot_cortex_m.c.obj            44     0         0      
       exit.c.obj                     4      0         0      
       pre_init.c.obj                 4      0         0      
    +--+------------------------------+------+---------+---------+
       Total:                         52     0         0      
                                                              
       Stack:                         0      0         512    
    +--+------------------------------+------+---------+---------+
       Grand Total:                   1548   728       512    


GLOBAL SYMBOLS: SORTED ALPHABETICALLY BY Name 

address   name                    
-------   ----                    
00000863  ADCIntClear             
00000775  ADCIntStatus            
0000081b  ADCProcessorTrigger     
000006f3  ADCSequenceConfigure    
000007fd  ADCSequenceDataGet      
00000849  ADCSequenceEnable       
00000679  ADCSequenceStepConfigure
00000877  C$$EXIT                 
000007a3  GPIODirModeSet          
0000026d  GPIOPadConfigSet        
00000833  GPIOPinTypeADC          
00000857  ResetISR                
000003d9  SysCtlClockGet          
000004f1  SysCtlClockSet          
0000086d  SysCtlDelay             
00000741  SysCtlPeripheralEnable  
20000200  __STACK_END             
00000200  __STACK_SIZE            
20000200  __STACK_TOP             
ffffffff  __TI_pprof_out_hndl     
ffffffff  __TI_prof_data_size     
ffffffff  __TI_prof_data_start    
00000000  __TI_static_base__      
ffffffff  __binit__               
ffffffff  __c_args__              
UNDEFED   __mpu_init              
20000000  __stack                 
20000000  __start___llvm_prf_cnts 
20000000  __stop___llvm_prf_cnts  
000007d1  _c_int00_noinit_noargs  
00000873  _system_pre_init        
00000877  abort                   
ffffffff  binit                   
00000000  g_pfnVectors            
000005e5  main                    


GLOBAL SYMBOLS: SORTED BY Symbol Address 

address   name                    
-------   ----                    
00000000  __TI_static_base__      
00000000  g_pfnVectors            
00000200  __STACK_SIZE            
0000026d  GPIOPadConfigSet        
000003d9  SysCtlClockGet          
000004f1  SysCtlClockSet          
000005e5  main                    
00000679  ADCSequenceStepConfigure
000006f3  ADCSequenceConfigure    
00000741  SysCtlPeripheralEnable  
00000775  ADCIntStatus            
000007a3  GPIODirModeSet          
000007d1  _c_int00_noinit_noargs  
000007fd  ADCSequenceDataGet      
0000081b  ADCProcessorTrigger     
00000833  GPIOPinTypeADC          
00000849  ADCSequenceEnable       
00000857  ResetISR                
00000863  ADCIntClear             
0000086d  SysCtlDelay             
00000873  _system_pre_init        
00000877  C$$EXIT                 
00000877  abort                   
20000000  __stack                 
20000000  __start___llvm_prf_cnts 
20000000  __stop___llvm_prf_cnts  
20000200  __STACK_END             
20000200  __STACK_TOP             
ffffffff  __TI_pprof_out_hndl     
ffffffff  __TI_prof_data_size     
ffffffff  __TI_prof_data_start    
ffffffff  __binit__               
ffffffff  __c_args__              
ffffffff  binit                   
UNDEFED   __mpu_init              

[35 symbols]
