******************************************************************************
                  TI ARM Linker PC v20.2.1                     
******************************************************************************
>> Linked Mon Dec 28 17:38:36 2020

OUTPUT FILE NAME:   <mpu_fault.out>
ENTRY POINT SYMBOL: "_c_int00_noargs"  address: 00000991


MEMORY CONFIGURATION

         name            origin    length      used     unused   attr    fill
----------------------  --------  ---------  --------  --------  ----  --------
  FLASH                 00000000   00040000  00000a6a  0003f596  R  X
  SRAM                  20000000   00008000  00000115  00007eeb  RW X


SEGMENT ALLOCATION MAP

run origin  load origin   length   init length attrs members
----------  ----------- ---------- ----------- ----- -------
00000000    00000000    00000a70   00000a70    r-x
  00000000    00000000    0000026c   0000026c    r-- .intvecs
  0000026c    0000026c    000007b6   000007b6    r-x .text
  00000a24    00000a24    00000018   00000018    r-- .const
  00000a40    00000a40    00000030   00000030    r-- .cinit
20000000    20000000    00000115   00000000    rw-
  20000000    20000000    00000100   00000000    rw- .stack
  20000100    20000100    00000010   00000000    rw- .bss
  20000110    20000110    00000005   00000000    rw- .data


SECTION ALLOCATION MAP

 output                                  attributes/
section   page    origin      length       input sections
--------  ----  ----------  ----------   ----------------
.intvecs   0    00000000    0000026c     
                  00000000    0000026c     startup_ccs.obj (.intvecs)

.text      0    0000026c    000007b6     
                  0000026c    0000025c     mpu_fault.obj (.text:main)
                  000004c8    000001ee     uartstdio.obj (.text:UARTvprintf)
                  000006b6    0000009c     rtsv7M4_T_le_v4SPD16_eabi.lib : memcpy_t2.asm.obj (.text)
                  00000752    00000068                                   : copy_decompress_lzss.c.obj (.text:decompress:lzss:__TI_decompress_lzss)
                  000007ba    00000002     startup_ccs.obj (.text:FaultISR)
                  000007bc    00000064     mpu_fault.obj (.text:ConfigureUART)
                  00000820    00000060     uartstdio.obj (.text:UARTStdioConfig)
                  00000880    00000050     uartstdio.obj (.text:UARTwrite)
                  000008d0    00000044     rtsv7M4_T_le_v4SPD16_eabi.lib : autoinit.c.obj (.text:__TI_auto_init_nobinit_nopinit:__TI_auto_init_nobinit_nopinit)
                  00000914    00000040                                   : u_divt2.asm.obj (.text)
                  00000954    0000003c     mpu_fault.obj (.text:MPUFaultHandler)
                  00000990    00000034     rtsv7M4_T_le_v4SPD16_eabi.lib : boot_cortex_m.c.obj (.text:_c_int00_noargs:_c_int00_noargs)
                  000009c4    0000001c                                   : copy_zero_init.c.obj (.text:decompress:ZI:__TI_zero_init_nomemset:__TI_zero_init_nomemset)
                  000009e0    0000001a     uartstdio.obj (.text:UARTprintf)
                  000009fa    0000000e     rtsv7M4_T_le_v4SPD16_eabi.lib : copy_decompress_none.c.obj (.text:decompress:none:__TI_decompress_none)
                  00000a08    00000006     startup_ccs.obj (.text:ResetISR)
                  00000a0e    00000006     driverlib.lib : uart.obj (.text:UARTClockSourceSet)
                  00000a14    00000004     rtsv7M4_T_le_v4SPD16_eabi.lib : pre_init.c.obj (.text:_system_pre_init)
                  00000a18    00000004                                   : exit.c.obj (.text:abort:abort)
                  00000a1c    00000002     startup_ccs.obj (.text:IntDefaultHandler)
                  00000a1e    00000002     startup_ccs.obj (.text:NmiSR)
                  00000a20    00000002     rtsv7M4_T_le_v4SPD16_eabi.lib : div0.asm.obj (.text)

.const     0    00000a24    00000018     
                  00000a24    0000000c     uartstdio.obj (.const:g_ui32UARTBase)
                  00000a30    0000000c     uartstdio.obj (.const:g_ui32UARTPeriph)

.cinit     0    00000a40    00000030     
                  00000a40    0000000c     (__TI_handler_table)
                  00000a4c    00000004     --HOLE-- [fill = 0]
                  00000a50    00000008     (.cinit..bss.load) [load image, compression = zero_init]
                  00000a58    00000007     (.cinit..data.load) [load image, compression = lzss]
                  00000a5f    00000001     --HOLE-- [fill = 0]
                  00000a60    00000010     (__TI_cinit_table)

.init_array 
*          0    00000000    00000000     UNINITIALIZED

.bss       0    20000100    00000010     UNINITIALIZED
                  20000100    00000010     mpu_fault.obj (.bss)

.data      0    20000110    00000005     UNINITIALIZED
                  20000110    00000005     uartstdio.obj (.data)

.stack     0    20000000    00000100     UNINITIALIZED
                  20000000    00000004     rtsv7M4_T_le_v4SPD16_eabi.lib : boot_cortex_m.c.obj (.stack)
                  20000004    000000fc     --HOLE--

__llvm_prf_cnts 
*          0    20000000    00000000     UNINITIALIZED

.binit     0    00000000    00000000     

MODULE SUMMARY

       Module                       code   ro data   rw data
       ------                       ----   -------   -------
    .\
       mpu_fault.obj                764    0         16     
       startup_ccs.obj              12     620       0      
    +--+----------------------------+------+---------+---------+
       Total:                       776    620       16     
                                                            
    .\utils\
       uartstdio.obj                696    24        5      
    +--+----------------------------+------+---------+---------+
       Total:                       696    24        5      
                                                            
    C:/ti/TivaWare_C_Series-2.2.0.295/driverlib/ccs/Debug/driverlib.lib
       uart.obj                     6      0         0      
    +--+----------------------------+------+---------+---------+
       Total:                       6      0         0      
                                                            
    C:\ti\ccs1011\ccs\tools\compiler\ti-cgt-arm_20.2.1.LTS\lib\rtsv7M4_T_le_v4SPD16_eabi.lib
       memcpy_t2.asm.obj            156    0         0      
       copy_decompress_lzss.c.obj   104    0         0      
       autoinit.c.obj               68     0         0      
       u_divt2.asm.obj              64     0         0      
       boot_cortex_m.c.obj          52     0         0      
       copy_zero_init.c.obj         28     0         0      
       copy_decompress_none.c.obj   14     0         0      
       exit.c.obj                   4      0         0      
       pre_init.c.obj               4      0         0      
       div0.asm.obj                 2      0         0      
    +--+----------------------------+------+---------+---------+
       Total:                       496    0         0      
                                                            
       Stack:                       0      0         256    
       Linker Generated:            0      43        0      
    +--+----------------------------+------+---------+---------+
       Grand Total:                 1974   687       277    


LINKER GENERATED COPY TABLES

__TI_cinit_table @ 00000a60 records: 2, size/record: 8, table size: 16
	.bss: load addr=00000a50, load size=00000008 bytes, run addr=20000100, run size=00000010 bytes, compression=zero_init
	.data: load addr=00000a58, load size=00000007 bytes, run addr=20000110, run size=00000005 bytes, compression=lzss


LINKER GENERATED HANDLER TABLE

__TI_handler_table @ 00000a40 records: 3, size/record: 4, table size: 12
	index: 0, handler: __TI_decompress_lzss
	index: 1, handler: __TI_decompress_none
	index: 2, handler: __TI_zero_init


GLOBAL SYMBOLS: SORTED ALPHABETICALLY BY Name 

address   name                          
-------   ----                          
00000a19  C$$EXIT                       
000007bd  ConfigureUART                 
00000955  MPUFaultHandler               
00000a09  ResetISR                      
00000a0f  UARTClockSourceSet            
00000821  UARTStdioConfig               
000009e1  UARTprintf                    
000004c9  UARTvprintf                   
00000881  UARTwrite                     
20000100  __STACK_END                   
00000100  __STACK_SIZE                  
20000100  __STACK_TOP                   
00000a60  __TI_CINIT_Base               
00000a70  __TI_CINIT_Limit              
00000a40  __TI_Handler_Table_Base       
00000a4c  __TI_Handler_Table_Limit      
000008d1  __TI_auto_init_nobinit_nopinit
00000753  __TI_decompress_lzss          
000009fb  __TI_decompress_none          
ffffffff  __TI_pprof_out_hndl           
ffffffff  __TI_prof_data_size           
ffffffff  __TI_prof_data_start          
00000000  __TI_static_base__            
000009c5  __TI_zero_init_nomemset       
00000a21  __aeabi_idiv0                 
00000a21  __aeabi_ldiv0                 
000006b7  __aeabi_memcpy                
000006b7  __aeabi_memcpy4               
000006b7  __aeabi_memcpy8               
00000915  __aeabi_uidiv                 
00000915  __aeabi_uidivmod              
ffffffff  __binit__                     
ffffffff  __c_args__                    
UNDEFED   __mpu_init                    
20000000  __stack                       
20000000  __start___llvm_prf_cnts       
20000000  __stop___llvm_prf_cnts        
00000991  _c_int00_noargs               
UNDEFED   _system_post_cinit            
00000a15  _system_pre_init              
00000a19  abort                         
ffffffff  binit                         
00000000  g_pfnVectors                  
0000026d  main                          
000006b7  memcpy                        


GLOBAL SYMBOLS: SORTED BY Symbol Address 

address   name                          
-------   ----                          
00000000  __TI_static_base__            
00000000  g_pfnVectors                  
00000100  __STACK_SIZE                  
0000026d  main                          
000004c9  UARTvprintf                   
000006b7  __aeabi_memcpy                
000006b7  __aeabi_memcpy4               
000006b7  __aeabi_memcpy8               
000006b7  memcpy                        
00000753  __TI_decompress_lzss          
000007bd  ConfigureUART                 
00000821  UARTStdioConfig               
00000881  UARTwrite                     
000008d1  __TI_auto_init_nobinit_nopinit
00000915  __aeabi_uidiv                 
00000915  __aeabi_uidivmod              
00000955  MPUFaultHandler               
00000991  _c_int00_noargs               
000009c5  __TI_zero_init_nomemset       
000009e1  UARTprintf                    
000009fb  __TI_decompress_none          
00000a09  ResetISR                      
00000a0f  UARTClockSourceSet            
00000a15  _system_pre_init              
00000a19  C$$EXIT                       
00000a19  abort                         
00000a21  __aeabi_idiv0                 
00000a21  __aeabi_ldiv0                 
00000a40  __TI_Handler_Table_Base       
00000a4c  __TI_Handler_Table_Limit      
00000a60  __TI_CINIT_Base               
00000a70  __TI_CINIT_Limit              
20000000  __stack                       
20000000  __start___llvm_prf_cnts       
20000000  __stop___llvm_prf_cnts        
20000100  __STACK_END                   
20000100  __STACK_TOP                   
ffffffff  __TI_pprof_out_hndl           
ffffffff  __TI_prof_data_size           
ffffffff  __TI_prof_data_start          
ffffffff  __binit__                     
ffffffff  __c_args__                    
ffffffff  binit                         
UNDEFED   __mpu_init                    
UNDEFED   _system_post_cinit            

[45 symbols]
