******************************************************************************
                  TI ARM Linker PC v20.2.1                     
******************************************************************************
>> Linked Sat Jan 23 22:39:48 2021

OUTPUT FILE NAME:   <I2C_master_slave_tivaC.out>
ENTRY POINT SYMBOL: "_c_int00_noargs"  address: 00000fb1


MEMORY CONFIGURATION

         name            origin    length      used     unused   attr    fill
----------------------  --------  ---------  --------  --------  ----  --------
  FLASH                 00000000   00040000  00001212  0003edee  R  X
  SRAM                  20000000   00008000  000001fd  00007e03  RW X


SEGMENT ALLOCATION MAP

run origin  load origin   length   init length attrs members
----------  ----------- ---------- ----------- ----- -------
00000000    00000000    00001218   00001218    r-x
  00000000    00000000    0000026c   0000026c    r-- .intvecs
  0000026c    0000026c    00000e62   00000e62    r-x .text
  000010d0    000010d0    0000012c   0000012c    r-- .const
  00001200    00001200    00000018   00000018    r-- .cinit
20000000    20000000    000001fd   00000000    rw-
  20000000    20000000    000001f8   00000000    rw- .stack
  200001f8    200001f8    00000005   00000000    rw- .data


SECTION ALLOCATION MAP

 output                                  attributes/
section   page    origin      length       input sections
--------  ----  ----------  ----------   ----------------
.intvecs   0    00000000    0000026c     
                  00000000    0000026c     tm4c123gh6pm_startup_ccs.obj (.intvecs)

.text      0    0000026c    00000e62     
                  0000026c    00000574     uartstdio.obj (.text)
                  000007e0    00000204     main.obj (.text)
                  000009e4    0000016c     driverlib.lib : gpio.obj (.text:GPIOPadConfigSet)
                  00000b50    00000118                   : sysctl.obj (.text:SysCtlClockGet)
                  00000c68    000000f4                   : sysctl.obj (.text:SysCtlClockSet)
                  00000d5c    0000009c     rtsv7M4_T_le_v4SPD16_eabi.lib : memcpy_t2.asm.obj (.text)
                  00000df8    00000068                                   : copy_decompress_lzss.c.obj (.text:decompress:lzss:__TI_decompress_lzss)
                  00000e60    0000004c     driverlib.lib : gpio.obj (.text:GPIOPinConfigure)
                  00000eac    0000004c                   : i2c.obj (.text:I2CMasterInitExpClk)
                  00000ef8    00000044     rtsv7M4_T_le_v4SPD16_eabi.lib : autoinit.c.obj (.text:__TI_auto_init_nobinit_nopinit:__TI_auto_init_nobinit_nopinit)
                  00000f3c    00000040                                   : u_divt2.asm.obj (.text)
                  00000f7c    00000034     driverlib.lib : sysctl.obj (.text:SysCtlPeripheralEnable)
                  00000fb0    00000034     rtsv7M4_T_le_v4SPD16_eabi.lib : boot_cortex_m.c.obj (.text:_c_int00_noargs:_c_int00_noargs)
                  00000fe4    0000002c     driverlib.lib : gpio.obj (.text:GPIODirModeSet)
                  00001010    00000016                   : gpio.obj (.text:GPIOPinTypeI2C)
                  00001026    00000016                   : gpio.obj (.text:GPIOPinTypeI2CSCL)
                  0000103c    00000016                   : gpio.obj (.text:GPIOPinTypeUART)
                  00001052    00000010                   : i2c.obj (.text:I2CSlaveEnable)
                  00001062    0000000e                   : i2c.obj (.text:I2CSlaveInit)
                  00001070    0000000e     rtsv7M4_T_le_v4SPD16_eabi.lib : copy_decompress_none.c.obj (.text:decompress:none:__TI_decompress_none)
                  0000107e    0000000c     tm4c123gh6pm_startup_ccs.obj (.text)
                  0000108a    0000000a     driverlib.lib : i2c.obj (.text:I2CMasterEnable)
                  00001094    00000008                   : i2c.obj (.text:I2CMasterBusy)
                  0000109c    00000008                   : i2c.obj (.text:I2CMasterSlaveAddrSet)
                  000010a4    00000006                   : i2c.obj (.text:I2CSlaveDataGet)
                  000010aa    00000006                   : i2c.obj (.text:I2CSlaveStatus)
                  000010b0    00000006                   : sysctl.obj (.text:SysCtlDelay)
                  000010b6    00000006                   : uart.obj (.text:UARTClockSourceSet)
                  000010bc    00000004                   : i2c.obj (.text:I2CMasterControl)
                  000010c0    00000004                   : i2c.obj (.text:I2CMasterDataPut)
                  000010c4    00000004     rtsv7M4_T_le_v4SPD16_eabi.lib : pre_init.c.obj (.text:_system_pre_init)
                  000010c8    00000004                                   : exit.c.obj (.text:abort:abort)
                  000010cc    00000002                                   : div0.asm.obj (.text)

.const     0    000010d0    0000012c     
                  000010d0    00000090     driverlib.lib : gpio.obj (.const:g_pui32GPIOBaseAddrs)
                  00001160    0000006c                   : sysctl.obj (.const:g_pui32Xtals)
                  000011cc    00000012     uartstdio.obj (.const:.string)
                  000011de    00000002     --HOLE-- [fill = 0]
                  000011e0    0000000c     uartstdio.obj (.const:g_ui32UARTBase)
                  000011ec    0000000c     uartstdio.obj (.const:g_ui32UARTPeriph)
                  000011f8    00000004     uartstdio.obj (.const)

.cinit     0    00001200    00000018     
                  00001200    00000008     (__TI_handler_table)
                  00001208    00000007     (.cinit..data.load) [load image, compression = lzss]
                  0000120f    00000001     --HOLE-- [fill = 0]
                  00001210    00000008     (__TI_cinit_table)

.init_array 
*          0    00000000    00000000     UNINITIALIZED

.data      0    200001f8    00000005     UNINITIALIZED
                  200001f8    00000005     uartstdio.obj (.data)

.stack     0    20000000    000001f8     UNINITIALIZED
                  20000000    00000004     rtsv7M4_T_le_v4SPD16_eabi.lib : boot_cortex_m.c.obj (.stack)
                  20000004    000001f4     --HOLE--

__llvm_prf_cnts 
*          0    20000000    00000000     UNINITIALIZED

MODULE SUMMARY

       Module                         code   ro data   rw data
       ------                         ----   -------   -------
    .\
       tm4c123gh6pm_startup_ccs.obj   12     620       0      
       main.obj                       516    0         0      
    +--+------------------------------+------+---------+---------+
       Total:                         528    620       0      
                                                              
    .\utils\
       uartstdio.obj                  1396   46        5      
    +--+------------------------------+------+---------+---------+
       Total:                         1396   46        5      
                                                              
    C:/ti/TivaWare_C_Series-2.2.0.295/driverlib/ccs/Debug/driverlib.lib
       gpio.obj                       550    144       0      
       sysctl.obj                     582    108       0      
       i2c.obj                        152    0         0      
       uart.obj                       6      0         0      
    +--+------------------------------+------+---------+---------+
       Total:                         1290   252       0      
                                                              
    C:\ti\ccs1011\ccs\tools\compiler\ti-cgt-arm_20.2.1.LTS\lib\rtsv7M4_T_le_v4SPD16_eabi.lib
       memcpy_t2.asm.obj              156    0         0      
       copy_decompress_lzss.c.obj     104    0         0      
       autoinit.c.obj                 68     0         0      
       u_divt2.asm.obj                64     0         0      
       boot_cortex_m.c.obj            52     0         0      
       copy_decompress_none.c.obj     14     0         0      
       exit.c.obj                     4      0         0      
       pre_init.c.obj                 4      0         0      
       div0.asm.obj                   2      0         0      
    +--+------------------------------+------+---------+---------+
       Total:                         468    0         0      
                                                              
       Stack:                         0      0         504    
       Linker Generated:              0      23        0      
    +--+------------------------------+------+---------+---------+
       Grand Total:                   3682   941       509    


LINKER GENERATED COPY TABLES

__TI_cinit_table @ 00001210 records: 1, size/record: 8, table size: 8
	.data: load addr=00001208, load size=00000007 bytes, run addr=200001f8, run size=00000005 bytes, compression=lzss


LINKER GENERATED HANDLER TABLE

__TI_handler_table @ 00001200 records: 2, size/record: 4, table size: 8
	index: 0, handler: __TI_decompress_lzss
	index: 1, handler: __TI_decompress_none


GLOBAL SYMBOLS: SORTED ALPHABETICALLY BY Name 

address   name                          
-------   ----                          
000010c9  C$$EXIT                       
00000fe5  GPIODirModeSet                
000009e5  GPIOPadConfigSet              
00000e61  GPIOPinConfigure              
00001011  GPIOPinTypeI2C                
00001027  GPIOPinTypeI2CSCL             
0000103d  GPIOPinTypeUART               
00001095  I2CMasterBusy                 
000010bd  I2CMasterControl              
000010c1  I2CMasterDataPut              
0000108b  I2CMasterEnable               
00000ead  I2CMasterInitExpClk           
0000109d  I2CMasterSlaveAddrSet         
000010a5  I2CSlaveDataGet               
00001053  I2CSlaveEnable                
00001063  I2CSlaveInit                  
000010ab  I2CSlaveStatus                
000007ed  InitConsole                   
0000107f  ResetISR                      
00000b51  SysCtlClockGet                
00000c69  SysCtlClockSet                
000010b1  SysCtlDelay                   
00000f7d  SysCtlPeripheralEnable        
000010b7  UARTClockSourceSet            
0000026d  UARTStdioConfig               
00000453  UARTgetc                      
00000361  UARTgets                      
000007ab  UARTprintf                    
00000489  UARTvprintf                   
000002e7  UARTwrite                     
200001f8  __STACK_END                   
000001f8  __STACK_SIZE                  
20000200  __STACK_TOP                   
00001210  __TI_CINIT_Base               
00001218  __TI_CINIT_Limit              
00001200  __TI_Handler_Table_Base       
00001208  __TI_Handler_Table_Limit      
00000ef9  __TI_auto_init_nobinit_nopinit
00000df9  __TI_decompress_lzss          
00001071  __TI_decompress_none          
ffffffff  __TI_pprof_out_hndl           
ffffffff  __TI_prof_data_size           
ffffffff  __TI_prof_data_start          
00000000  __TI_static_base__            
000010cd  __aeabi_idiv0                 
000010cd  __aeabi_ldiv0                 
00000d5d  __aeabi_memcpy                
00000d5d  __aeabi_memcpy4               
00000d5d  __aeabi_memcpy8               
00000f3d  __aeabi_uidiv                 
00000f3d  __aeabi_uidivmod              
ffffffff  __binit__                     
ffffffff  __c_args__                    
000007e1  __error__                     
UNDEFED   __mpu_init                    
20000000  __stack                       
20000000  __start___llvm_prf_cnts       
20000000  __stop___llvm_prf_cnts        
00000fb1  _c_int00_noargs               
UNDEFED   _system_post_cinit            
000010c5  _system_pre_init              
000010c9  abort                         
ffffffff  binit                         
00000000  g_pfnVectors                  
00000829  main                          
00000d5d  memcpy                        


GLOBAL SYMBOLS: SORTED BY Symbol Address 

address   name                          
-------   ----                          
00000000  __TI_static_base__            
00000000  g_pfnVectors                  
000001f8  __STACK_SIZE                  
0000026d  UARTStdioConfig               
000002e7  UARTwrite                     
00000361  UARTgets                      
00000453  UARTgetc                      
00000489  UARTvprintf                   
000007ab  UARTprintf                    
000007e1  __error__                     
000007ed  InitConsole                   
00000829  main                          
000009e5  GPIOPadConfigSet              
00000b51  SysCtlClockGet                
00000c69  SysCtlClockSet                
00000d5d  __aeabi_memcpy                
00000d5d  __aeabi_memcpy4               
00000d5d  __aeabi_memcpy8               
00000d5d  memcpy                        
00000df9  __TI_decompress_lzss          
00000e61  GPIOPinConfigure              
00000ead  I2CMasterInitExpClk           
00000ef9  __TI_auto_init_nobinit_nopinit
00000f3d  __aeabi_uidiv                 
00000f3d  __aeabi_uidivmod              
00000f7d  SysCtlPeripheralEnable        
00000fb1  _c_int00_noargs               
00000fe5  GPIODirModeSet                
00001011  GPIOPinTypeI2C                
00001027  GPIOPinTypeI2CSCL             
0000103d  GPIOPinTypeUART               
00001053  I2CSlaveEnable                
00001063  I2CSlaveInit                  
00001071  __TI_decompress_none          
0000107f  ResetISR                      
0000108b  I2CMasterEnable               
00001095  I2CMasterBusy                 
0000109d  I2CMasterSlaveAddrSet         
000010a5  I2CSlaveDataGet               
000010ab  I2CSlaveStatus                
000010b1  SysCtlDelay                   
000010b7  UARTClockSourceSet            
000010bd  I2CMasterControl              
000010c1  I2CMasterDataPut              
000010c5  _system_pre_init              
000010c9  C$$EXIT                       
000010c9  abort                         
000010cd  __aeabi_idiv0                 
000010cd  __aeabi_ldiv0                 
00001200  __TI_Handler_Table_Base       
00001208  __TI_Handler_Table_Limit      
00001210  __TI_CINIT_Base               
00001218  __TI_CINIT_Limit              
20000000  __stack                       
20000000  __start___llvm_prf_cnts       
20000000  __stop___llvm_prf_cnts        
200001f8  __STACK_END                   
20000200  __STACK_TOP                   
ffffffff  __TI_pprof_out_hndl           
ffffffff  __TI_prof_data_size           
ffffffff  __TI_prof_data_start          
ffffffff  __binit__                     
ffffffff  __c_args__                    
ffffffff  binit                         
UNDEFED   __mpu_init                    
UNDEFED   _system_post_cinit            

[66 symbols]
