******************************************************************************
                  TI ARM Linker PC v20.2.1                     
******************************************************************************
>> Linked Sat Jan 23 20:40:53 2021

OUTPUT FILE NAME:   <master_slave_loopback.out>
ENTRY POINT SYMBOL: "_c_int00_noargs"  address: 000010c5


MEMORY CONFIGURATION

         name            origin    length      used     unused   attr    fill
----------------------  --------  ---------  --------  --------  ----  --------
  FLASH                 00000000   00040000  0000133a  0003ecc6  R  X
  SRAM                  20000000   00008000  000001fd  00007e03  RW X


SEGMENT ALLOCATION MAP

run origin  load origin   length   init length attrs members
----------  ----------- ---------- ----------- ----- -------
00000000    00000000    00001340   00001340    r-x
  00000000    00000000    0000026c   0000026c    r-- .intvecs
  0000026c    0000026c    00000f8a   00000f8a    r-x .text
  000011f8    000011f8    0000012c   0000012c    r-- .const
  00001328    00001328    00000018   00000018    r-- .cinit
20000000    20000000    000001fd   00000000    rw-
  20000000    20000000    000001f8   00000000    rw- .stack
  200001f8    200001f8    00000005   00000000    rw- .data


SECTION ALLOCATION MAP

 output                                  attributes/
section   page    origin      length       input sections
--------  ----  ----------  ----------   ----------------
.intvecs   0    00000000    0000026c     
                  00000000    0000026c     tm4c123gh6pm_startup_ccs.obj (.intvecs)

.text      0    0000026c    00000f8a     
                  0000026c    00000574     uartstdio.obj (.text)
                  000007e0    00000318     main.obj (.text)
                  00000af8    0000016c     driverlib.lib : gpio.obj (.text:GPIOPadConfigSet)
                  00000c64    00000118                   : sysctl.obj (.text:SysCtlClockGet)
                  00000d7c    000000f4                   : sysctl.obj (.text:SysCtlClockSet)
                  00000e70    0000009c     rtsv7M4_T_le_v4SPD16_eabi.lib : memcpy_t2.asm.obj (.text)
                  00000f0c    00000068                                   : copy_decompress_lzss.c.obj (.text:decompress:lzss:__TI_decompress_lzss)
                  00000f74    0000004c     driverlib.lib : gpio.obj (.text:GPIOPinConfigure)
                  00000fc0    0000004c                   : i2c.obj (.text:I2CMasterInitExpClk)
                  0000100c    00000044     rtsv7M4_T_le_v4SPD16_eabi.lib : autoinit.c.obj (.text:__TI_auto_init_nobinit_nopinit:__TI_auto_init_nobinit_nopinit)
                  00001050    00000040                                   : u_divt2.asm.obj (.text)
                  00001090    00000034     driverlib.lib : sysctl.obj (.text:SysCtlPeripheralEnable)
                  000010c4    00000034     rtsv7M4_T_le_v4SPD16_eabi.lib : boot_cortex_m.c.obj (.text:_c_int00_noargs:_c_int00_noargs)
                  000010f8    0000002c     driverlib.lib : gpio.obj (.text:GPIODirModeSet)
                  00001124    00000016                   : gpio.obj (.text:GPIOPinTypeI2C)
                  0000113a    00000016                   : gpio.obj (.text:GPIOPinTypeI2CSCL)
                  00001150    00000016                   : gpio.obj (.text:GPIOPinTypeUART)
                  00001166    00000010                   : i2c.obj (.text:I2CSlaveEnable)
                  00001176    0000000e                   : i2c.obj (.text:I2CSlaveInit)
                  00001184    0000000e     rtsv7M4_T_le_v4SPD16_eabi.lib : copy_decompress_none.c.obj (.text:decompress:none:__TI_decompress_none)
                  00001192    0000000c     tm4c123gh6pm_startup_ccs.obj (.text)
                  0000119e    0000000a     driverlib.lib : i2c.obj (.text:I2CLoopbackEnable)
                  000011a8    0000000a                   : i2c.obj (.text:I2CMasterEnable)
                  000011b2    00000008                   : i2c.obj (.text:I2CMasterBusy)
                  000011ba    00000008                   : i2c.obj (.text:I2CMasterSlaveAddrSet)
                  000011c2    00000006                   : i2c.obj (.text:I2CSlaveDataGet)
                  000011c8    00000006                   : i2c.obj (.text:I2CSlaveDataPut)
                  000011ce    00000006                   : i2c.obj (.text:I2CSlaveStatus)
                  000011d4    00000006                   : sysctl.obj (.text:SysCtlDelay)
                  000011da    00000006                   : uart.obj (.text:UARTClockSourceSet)
                  000011e0    00000004                   : i2c.obj (.text:I2CMasterControl)
                  000011e4    00000004                   : i2c.obj (.text:I2CMasterDataGet)
                  000011e8    00000004                   : i2c.obj (.text:I2CMasterDataPut)
                  000011ec    00000004     rtsv7M4_T_le_v4SPD16_eabi.lib : pre_init.c.obj (.text:_system_pre_init)
                  000011f0    00000004                                   : exit.c.obj (.text:abort:abort)
                  000011f4    00000002                                   : div0.asm.obj (.text)

.const     0    000011f8    0000012c     
                  000011f8    00000090     driverlib.lib : gpio.obj (.const:g_pui32GPIOBaseAddrs)
                  00001288    0000006c                   : sysctl.obj (.const:g_pui32Xtals)
                  000012f4    00000012     uartstdio.obj (.const:.string)
                  00001306    00000002     --HOLE-- [fill = 0]
                  00001308    0000000c     uartstdio.obj (.const:g_ui32UARTBase)
                  00001314    0000000c     uartstdio.obj (.const:g_ui32UARTPeriph)
                  00001320    00000004     uartstdio.obj (.const)

.cinit     0    00001328    00000018     
                  00001328    00000008     (__TI_handler_table)
                  00001330    00000007     (.cinit..data.load) [load image, compression = lzss]
                  00001337    00000001     --HOLE-- [fill = 0]
                  00001338    00000008     (__TI_cinit_table)

.init_array 
*          0    00000000    00000000     UNINITIALIZED

.data      0    200001f8    00000005     UNINITIALIZED
                  200001f8    00000005     uartstdio.obj (.data)

.stack     0    20000000    000001f8     UNINITIALIZED
                  20000000    00000004     rtsv7M4_T_le_v4SPD16_eabi.lib : boot_cortex_m.c.obj (.stack)
                  20000004    000001f4     --HOLE--

__llvm_prf_cnts 
*          0    20000000    00000000     UNINITIALIZED

MODULE SUMMARY

       Module                         code   ro data   rw data
       ------                         ----   -------   -------
    .\
       main.obj                       792    0         0      
       tm4c123gh6pm_startup_ccs.obj   12     620       0      
    +--+------------------------------+------+---------+---------+
       Total:                         804    620       0      
                                                              
    .\utils\
       uartstdio.obj                  1396   46        5      
    +--+------------------------------+------+---------+---------+
       Total:                         1396   46        5      
                                                              
    C:/ti/TivaWare_C_Series-2.2.0.295/driverlib/ccs/Debug/driverlib.lib
       gpio.obj                       550    144       0      
       sysctl.obj                     582    108       0      
       i2c.obj                        172    0         0      
       uart.obj                       6      0         0      
    +--+------------------------------+------+---------+---------+
       Total:                         1310   252       0      
                                                              
    C:\ti\ccs1011\ccs\tools\compiler\ti-cgt-arm_20.2.1.LTS\lib\rtsv7M4_T_le_v4SPD16_eabi.lib
       memcpy_t2.asm.obj              156    0         0      
       copy_decompress_lzss.c.obj     104    0         0      
       autoinit.c.obj                 68     0         0      
       u_divt2.asm.obj                64     0         0      
       boot_cortex_m.c.obj            52     0         0      
       copy_decompress_none.c.obj     14     0         0      
       exit.c.obj                     4      0         0      
       pre_init.c.obj                 4      0         0      
       div0.asm.obj                   2      0         0      
    +--+------------------------------+------+---------+---------+
       Total:                         468    0         0      
                                                              
       Stack:                         0      0         504    
       Linker Generated:              0      23        0      
    +--+------------------------------+------+---------+---------+
       Grand Total:                   3978   941       509    


LINKER GENERATED COPY TABLES

__TI_cinit_table @ 00001338 records: 1, size/record: 8, table size: 8
	.data: load addr=00001330, load size=00000007 bytes, run addr=200001f8, run size=00000005 bytes, compression=lzss


LINKER GENERATED HANDLER TABLE

__TI_handler_table @ 00001328 records: 2, size/record: 4, table size: 8
	index: 0, handler: __TI_decompress_lzss
	index: 1, handler: __TI_decompress_none


GLOBAL SYMBOLS: SORTED ALPHABETICALLY BY Name 

address   name                          
-------   ----                          
000011f1  C$$EXIT                       
000010f9  GPIODirModeSet                
00000af9  GPIOPadConfigSet              
00000f75  GPIOPinConfigure              
00001125  GPIOPinTypeI2C                
0000113b  GPIOPinTypeI2CSCL             
00001151  GPIOPinTypeUART               
0000119f  I2CLoopbackEnable             
000011b3  I2CMasterBusy                 
000011e1  I2CMasterControl              
000011e5  I2CMasterDataGet              
000011e9  I2CMasterDataPut              
000011a9  I2CMasterEnable               
00000fc1  I2CMasterInitExpClk           
000011bb  I2CMasterSlaveAddrSet         
000011c3  I2CSlaveDataGet               
000011c9  I2CSlaveDataPut               
00001167  I2CSlaveEnable                
00001177  I2CSlaveInit                  
000011cf  I2CSlaveStatus                
000007ed  InitConsole                   
00001193  ResetISR                      
00000c65  SysCtlClockGet                
00000d7d  SysCtlClockSet                
000011d5  SysCtlDelay                   
00001091  SysCtlPeripheralEnable        
000011db  UARTClockSourceSet            
0000026d  UARTStdioConfig               
00000453  UARTgetc                      
00000361  UARTgets                      
000007ab  UARTprintf                    
00000489  UARTvprintf                   
000002e7  UARTwrite                     
200001f8  __STACK_END                   
000001f8  __STACK_SIZE                  
20000200  __STACK_TOP                   
00001338  __TI_CINIT_Base               
00001340  __TI_CINIT_Limit              
00001328  __TI_Handler_Table_Base       
00001330  __TI_Handler_Table_Limit      
0000100d  __TI_auto_init_nobinit_nopinit
00000f0d  __TI_decompress_lzss          
00001185  __TI_decompress_none          
ffffffff  __TI_pprof_out_hndl           
ffffffff  __TI_prof_data_size           
ffffffff  __TI_prof_data_start          
00000000  __TI_static_base__            
000011f5  __aeabi_idiv0                 
000011f5  __aeabi_ldiv0                 
00000e71  __aeabi_memcpy                
00000e71  __aeabi_memcpy4               
00000e71  __aeabi_memcpy8               
00001051  __aeabi_uidiv                 
00001051  __aeabi_uidivmod              
ffffffff  __binit__                     
ffffffff  __c_args__                    
000007e1  __error__                     
UNDEFED   __mpu_init                    
20000000  __stack                       
20000000  __start___llvm_prf_cnts       
20000000  __stop___llvm_prf_cnts        
000010c5  _c_int00_noargs               
UNDEFED   _system_post_cinit            
000011ed  _system_pre_init              
000011f1  abort                         
ffffffff  binit                         
00000000  g_pfnVectors                  
00000829  main                          
00000e71  memcpy                        


GLOBAL SYMBOLS: SORTED BY Symbol Address 

address   name                          
-------   ----                          
00000000  __TI_static_base__            
00000000  g_pfnVectors                  
000001f8  __STACK_SIZE                  
0000026d  UARTStdioConfig               
000002e7  UARTwrite                     
00000361  UARTgets                      
00000453  UARTgetc                      
00000489  UARTvprintf                   
000007ab  UARTprintf                    
000007e1  __error__                     
000007ed  InitConsole                   
00000829  main                          
00000af9  GPIOPadConfigSet              
00000c65  SysCtlClockGet                
00000d7d  SysCtlClockSet                
00000e71  __aeabi_memcpy                
00000e71  __aeabi_memcpy4               
00000e71  __aeabi_memcpy8               
00000e71  memcpy                        
00000f0d  __TI_decompress_lzss          
00000f75  GPIOPinConfigure              
00000fc1  I2CMasterInitExpClk           
0000100d  __TI_auto_init_nobinit_nopinit
00001051  __aeabi_uidiv                 
00001051  __aeabi_uidivmod              
00001091  SysCtlPeripheralEnable        
000010c5  _c_int00_noargs               
000010f9  GPIODirModeSet                
00001125  GPIOPinTypeI2C                
0000113b  GPIOPinTypeI2CSCL             
00001151  GPIOPinTypeUART               
00001167  I2CSlaveEnable                
00001177  I2CSlaveInit                  
00001185  __TI_decompress_none          
00001193  ResetISR                      
0000119f  I2CLoopbackEnable             
000011a9  I2CMasterEnable               
000011b3  I2CMasterBusy                 
000011bb  I2CMasterSlaveAddrSet         
000011c3  I2CSlaveDataGet               
000011c9  I2CSlaveDataPut               
000011cf  I2CSlaveStatus                
000011d5  SysCtlDelay                   
000011db  UARTClockSourceSet            
000011e1  I2CMasterControl              
000011e5  I2CMasterDataGet              
000011e9  I2CMasterDataPut              
000011ed  _system_pre_init              
000011f1  C$$EXIT                       
000011f1  abort                         
000011f5  __aeabi_idiv0                 
000011f5  __aeabi_ldiv0                 
00001328  __TI_Handler_Table_Base       
00001330  __TI_Handler_Table_Limit      
00001338  __TI_CINIT_Base               
00001340  __TI_CINIT_Limit              
20000000  __stack                       
20000000  __start___llvm_prf_cnts       
20000000  __stop___llvm_prf_cnts        
200001f8  __STACK_END                   
20000200  __STACK_TOP                   
ffffffff  __TI_pprof_out_hndl           
ffffffff  __TI_prof_data_size           
ffffffff  __TI_prof_data_start          
ffffffff  __binit__                     
ffffffff  __c_args__                    
ffffffff  binit                         
UNDEFED   __mpu_init                    
UNDEFED   _system_post_cinit            

[69 symbols]
