******************************************************************************
                  TI ARM Linker PC v20.2.1                     
******************************************************************************
>> Linked Mon Dec 28 17:37:48 2020

OUTPUT FILE NAME:   <bitband.out>
ENTRY POINT SYMBOL: "_c_int00_noargs"  address: 00000805


MEMORY CONFIGURATION

         name            origin    length      used     unused   attr    fill
----------------------  --------  ---------  --------  --------  ----  --------
  FLASH                 00000000   00040000  0000090a  0003f6f6  R  X
  SRAM                  20000000   00008000  00000209  00007df7  RW X


SEGMENT ALLOCATION MAP

run origin  load origin   length   init length attrs members
----------  ----------- ---------- ----------- ----- -------
00000000    00000000    00000910   00000910    r-x
  00000000    00000000    0000026c   0000026c    r-- .intvecs
  0000026c    0000026c    00000656   00000656    r-x .text
  000008c4    000008c4    00000018   00000018    r-- .const
  000008e0    000008e0    00000030   00000030    r-- .cinit
20000000    20000000    0000020c   00000000    rw-
  20000000    20000000    00000200   00000000    rw- .stack
  20000200    20000200    00000005   00000000    rw- .data
  20000208    20000208    00000004   00000000    rw- .bss


SECTION ALLOCATION MAP

 output                                  attributes/
section   page    origin      length       input sections
--------  ----  ----------  ----------   ----------------
.intvecs   0    00000000    0000026c     
                  00000000    0000026c     startup_ccs.obj (.intvecs)

.text      0    0000026c    00000656     
                  0000026c    000001ee     uartstdio.obj (.text:UARTvprintf)
                  0000045a    00000002     startup_ccs.obj (.text:FaultISR)
                  0000045c    0000010c     bitband.obj (.text:main)
                  00000568    0000009c     rtsv7M4_T_le_v4SPD16_eabi.lib : memcpy_t2.asm.obj (.text)
                  00000604    00000068                                   : copy_decompress_lzss.c.obj (.text:decompress:lzss:__TI_decompress_lzss)
                  0000066c    00000064     bitband.obj (.text:ConfigureUART)
                  000006d0    00000060     uartstdio.obj (.text:UARTStdioConfig)
                  00000730    00000050     uartstdio.obj (.text:UARTwrite)
                  00000780    00000044     rtsv7M4_T_le_v4SPD16_eabi.lib : autoinit.c.obj (.text:__TI_auto_init_nobinit_nopinit:__TI_auto_init_nobinit_nopinit)
                  000007c4    00000040                                   : u_divt2.asm.obj (.text)
                  00000804    00000034                                   : boot_cortex_m.c.obj (.text:_c_int00_noargs:_c_int00_noargs)
                  00000838    0000002c     bitband.obj (.text:Delay)
                  00000864    0000001c     rtsv7M4_T_le_v4SPD16_eabi.lib : copy_zero_init.c.obj (.text:decompress:ZI:__TI_zero_init_nomemset:__TI_zero_init_nomemset)
                  00000880    0000001a     uartstdio.obj (.text:UARTprintf)
                  0000089a    0000000e     rtsv7M4_T_le_v4SPD16_eabi.lib : copy_decompress_none.c.obj (.text:decompress:none:__TI_decompress_none)
                  000008a8    00000006     startup_ccs.obj (.text:ResetISR)
                  000008ae    00000006     driverlib.lib : uart.obj (.text:UARTClockSourceSet)
                  000008b4    00000004     rtsv7M4_T_le_v4SPD16_eabi.lib : pre_init.c.obj (.text:_system_pre_init)
                  000008b8    00000004                                   : exit.c.obj (.text:abort:abort)
                  000008bc    00000002     startup_ccs.obj (.text:IntDefaultHandler)
                  000008be    00000002     startup_ccs.obj (.text:NmiSR)
                  000008c0    00000002     rtsv7M4_T_le_v4SPD16_eabi.lib : div0.asm.obj (.text)

.const     0    000008c4    00000018     
                  000008c4    0000000c     uartstdio.obj (.const:g_ui32UARTBase)
                  000008d0    0000000c     uartstdio.obj (.const:g_ui32UARTPeriph)

.cinit     0    000008e0    00000030     
                  000008e0    0000000c     (__TI_handler_table)
                  000008ec    00000004     --HOLE-- [fill = 0]
                  000008f0    00000008     (.cinit..bss.load) [load image, compression = zero_init]
                  000008f8    00000007     (.cinit..data.load) [load image, compression = lzss]
                  000008ff    00000001     --HOLE-- [fill = 0]
                  00000900    00000010     (__TI_cinit_table)

.init_array 
*          0    00000000    00000000     UNINITIALIZED

.data      0    20000200    00000005     UNINITIALIZED
                  20000200    00000005     uartstdio.obj (.data)

.bss       0    20000208    00000004     UNINITIALIZED
                  20000208    00000004     bitband.obj (.bss)

.stack     0    20000000    00000200     UNINITIALIZED
                  20000000    00000004     rtsv7M4_T_le_v4SPD16_eabi.lib : boot_cortex_m.c.obj (.stack)
                  20000004    000001fc     --HOLE--

__llvm_prf_cnts 
*          0    20000000    00000000     UNINITIALIZED

.binit     0    00000000    00000000     

MODULE SUMMARY

       Module                       code   ro data   rw data
       ------                       ----   -------   -------
    .\
       startup_ccs.obj              12     620       0      
       bitband.obj                  412    0         4      
    +--+----------------------------+------+---------+---------+
       Total:                       424    620       4      
                                                            
    .\utils\
       uartstdio.obj                696    24        5      
    +--+----------------------------+------+---------+---------+
       Total:                       696    24        5      
                                                            
    C:/ti/TivaWare_C_Series-2.2.0.295/driverlib/ccs/Debug/driverlib.lib
       uart.obj                     6      0         0      
    +--+----------------------------+------+---------+---------+
       Total:                       6      0         0      
                                                            
    C:\ti\ccs1011\ccs\tools\compiler\ti-cgt-arm_20.2.1.LTS\lib\rtsv7M4_T_le_v4SPD16_eabi.lib
       memcpy_t2.asm.obj            156    0         0      
       copy_decompress_lzss.c.obj   104    0         0      
       autoinit.c.obj               68     0         0      
       u_divt2.asm.obj              64     0         0      
       boot_cortex_m.c.obj          52     0         0      
       copy_zero_init.c.obj         28     0         0      
       copy_decompress_none.c.obj   14     0         0      
       exit.c.obj                   4      0         0      
       pre_init.c.obj               4      0         0      
       div0.asm.obj                 2      0         0      
    +--+----------------------------+------+---------+---------+
       Total:                       496    0         0      
                                                            
       Stack:                       0      0         512    
       Linker Generated:            0      43        0      
    +--+----------------------------+------+---------+---------+
       Grand Total:                 1622   687       521    


LINKER GENERATED COPY TABLES

__TI_cinit_table @ 00000900 records: 2, size/record: 8, table size: 16
	.bss: load addr=000008f0, load size=00000008 bytes, run addr=20000208, run size=00000004 bytes, compression=zero_init
	.data: load addr=000008f8, load size=00000007 bytes, run addr=20000200, run size=00000005 bytes, compression=lzss


LINKER GENERATED HANDLER TABLE

__TI_handler_table @ 000008e0 records: 3, size/record: 4, table size: 12
	index: 0, handler: __TI_decompress_lzss
	index: 1, handler: __TI_decompress_none
	index: 2, handler: __TI_zero_init


GLOBAL SYMBOLS: SORTED ALPHABETICALLY BY Name 

address   name                          
-------   ----                          
000008b9  C$$EXIT                       
0000066d  ConfigureUART                 
00000839  Delay                         
000008a9  ResetISR                      
000008af  UARTClockSourceSet            
000006d1  UARTStdioConfig               
00000881  UARTprintf                    
0000026d  UARTvprintf                   
00000731  UARTwrite                     
20000200  __STACK_END                   
00000200  __STACK_SIZE                  
20000200  __STACK_TOP                   
00000900  __TI_CINIT_Base               
00000910  __TI_CINIT_Limit              
000008e0  __TI_Handler_Table_Base       
000008ec  __TI_Handler_Table_Limit      
00000781  __TI_auto_init_nobinit_nopinit
00000605  __TI_decompress_lzss          
0000089b  __TI_decompress_none          
ffffffff  __TI_pprof_out_hndl           
ffffffff  __TI_prof_data_size           
ffffffff  __TI_prof_data_start          
00000000  __TI_static_base__            
00000865  __TI_zero_init_nomemset       
000008c1  __aeabi_idiv0                 
000008c1  __aeabi_ldiv0                 
00000569  __aeabi_memcpy                
00000569  __aeabi_memcpy4               
00000569  __aeabi_memcpy8               
000007c5  __aeabi_uidiv                 
000007c5  __aeabi_uidivmod              
ffffffff  __binit__                     
ffffffff  __c_args__                    
UNDEFED   __mpu_init                    
20000000  __stack                       
20000000  __start___llvm_prf_cnts       
20000000  __stop___llvm_prf_cnts        
00000805  _c_int00_noargs               
UNDEFED   _system_post_cinit            
000008b5  _system_pre_init              
000008b9  abort                         
ffffffff  binit                         
00000000  g_pfnVectors                  
0000045d  main                          
00000569  memcpy                        


GLOBAL SYMBOLS: SORTED BY Symbol Address 

address   name                          
-------   ----                          
00000000  __TI_static_base__            
00000000  g_pfnVectors                  
00000200  __STACK_SIZE                  
0000026d  UARTvprintf                   
0000045d  main                          
00000569  __aeabi_memcpy                
00000569  __aeabi_memcpy4               
00000569  __aeabi_memcpy8               
00000569  memcpy                        
00000605  __TI_decompress_lzss          
0000066d  ConfigureUART                 
000006d1  UARTStdioConfig               
00000731  UARTwrite                     
00000781  __TI_auto_init_nobinit_nopinit
000007c5  __aeabi_uidiv                 
000007c5  __aeabi_uidivmod              
00000805  _c_int00_noargs               
00000839  Delay                         
00000865  __TI_zero_init_nomemset       
00000881  UARTprintf                    
0000089b  __TI_decompress_none          
000008a9  ResetISR                      
000008af  UARTClockSourceSet            
000008b5  _system_pre_init              
000008b9  C$$EXIT                       
000008b9  abort                         
000008c1  __aeabi_idiv0                 
000008c1  __aeabi_ldiv0                 
000008e0  __TI_Handler_Table_Base       
000008ec  __TI_Handler_Table_Limit      
00000900  __TI_CINIT_Base               
00000910  __TI_CINIT_Limit              
20000000  __stack                       
20000000  __start___llvm_prf_cnts       
20000000  __stop___llvm_prf_cnts        
20000200  __STACK_END                   
20000200  __STACK_TOP                   
ffffffff  __TI_pprof_out_hndl           
ffffffff  __TI_prof_data_size           
ffffffff  __TI_prof_data_start          
ffffffff  __binit__                     
ffffffff  __c_args__                    
ffffffff  binit                         
UNDEFED   __mpu_init                    
UNDEFED   _system_post_cinit            

[45 symbols]
