******************************************************************************
                  TI ARM Linker PC v20.2.1                     
******************************************************************************
>> Linked Mon Dec 28 17:38:10 2020

OUTPUT FILE NAME:   <lab4_.out>
ENTRY POINT SYMBOL: "_c_int00_noargs"  address: 00000ad1


MEMORY CONFIGURATION

         name            origin    length      used     unused   attr    fill
----------------------  --------  ---------  --------  --------  ----  --------
  FLASH                 00000000   00040000  00000c92  0003f36e  R  X
  SRAM                  20000000   00008000  000000d1  00007f2f  RW X


SEGMENT ALLOCATION MAP

run origin  load origin   length   init length attrs members
----------  ----------- ---------- ----------- ----- -------
00000000    00000000    00000c98   00000c98    r-x
  00000000    00000000    0000026c   0000026c    r-- .intvecs
  0000026c    0000026c    00000976   00000976    r-x .text
  00000be4    00000be4    00000080   00000080    r-- .const
  00000c68    00000c68    00000030   00000030    r-- .cinit
20000000    20000000    000000d1   00000000    rw-
  20000000    20000000    000000c8   00000000    rw- .stack
  200000c8    200000c8    00000005   00000000    rw- .data
  200000cd    200000cd    00000004   00000000    rw- .bss


SECTION ALLOCATION MAP

 output                                  attributes/
section   page    origin      length       input sections
--------  ----  ----------  ----------   ----------------
.intvecs   0    00000000    0000026c     
                  00000000    0000026c     tm4c123gh6pm_startup_ccs.obj (.intvecs)

.text      0    0000026c    00000976     
                  0000026c    000001a4     main.obj (.text)
                  00000410    0000016c     driverlib.lib : gpio.obj (.text:GPIOPadConfigSet)
                  0000057c    00000118                   : sysctl.obj (.text:SysCtlClockGet)
                  00000694    00000104     buttons.obj (.text)
                  00000798    000000f4     driverlib.lib : sysctl.obj (.text:SysCtlClockSet)
                  0000088c    0000009c     rtsv7M4_T_le_v4SPD16_eabi.lib : memcpy_t2.asm.obj (.text)
                  00000928    00000068     driverlib.lib : interrupt.obj (.text:IntEnable)
                  00000990    00000068     rtsv7M4_T_le_v4SPD16_eabi.lib : copy_decompress_lzss.c.obj (.text:decompress:lzss:__TI_decompress_lzss)
                  000009f8    00000060     driverlib.lib : timer.obj (.text:TimerConfigure)
                  00000a58    00000044     rtsv7M4_T_le_v4SPD16_eabi.lib : autoinit.c.obj (.text:__TI_auto_init_nobinit_nopinit:__TI_auto_init_nobinit_nopinit)
                  00000a9c    00000034     driverlib.lib : sysctl.obj (.text:SysCtlPeripheralEnable)
                  00000ad0    00000034     rtsv7M4_T_le_v4SPD16_eabi.lib : boot_cortex_m.c.obj (.text:_c_int00_noargs:_c_int00_noargs)
                  00000b04    0000002c     driverlib.lib : gpio.obj (.text:GPIODirModeSet)
                  00000b30    0000001c     rtsv7M4_T_le_v4SPD16_eabi.lib : copy_zero_init.c.obj (.text:decompress:ZI:__TI_zero_init_nomemset:__TI_zero_init_nomemset)
                  00000b4c    0000001a     driverlib.lib : gpio.obj (.text:GPIOPinTypeGPIOOutput)
                  00000b66    00000012                   : timer.obj (.text:TimerLoadSet)
                  00000b78    00000010                   : interrupt.obj (.text:IntMasterEnable)
                  00000b88    0000000e                   : timer.obj (.text:TimerEnable)
                  00000b96    0000000e     rtsv7M4_T_le_v4SPD16_eabi.lib : copy_decompress_none.c.obj (.text:decompress:none:__TI_decompress_none)
                  00000ba4    0000000c     driverlib.lib : cpu.obj (.text:CPUcpsie)
                  00000bb0    0000000c     tm4c123gh6pm_startup_ccs.obj (.text)
                  00000bbc    00000008     driverlib.lib : timer.obj (.text:TimerIntEnable)
                  00000bc4    00000006                   : gpio.obj (.text:GPIOPinRead)
                  00000bca    00000006                   : gpio.obj (.text:GPIOPinWrite)
                  00000bd0    00000006                   : sysctl.obj (.text:SysCtlDelay)
                  00000bd6    00000004                   : timer.obj (.text:TimerIntClear)
                  00000bda    00000004     rtsv7M4_T_le_v4SPD16_eabi.lib : pre_init.c.obj (.text:_system_pre_init)
                  00000bde    00000004                                   : exit.c.obj (.text:abort:abort)

.const     0    00000be4    00000080     
                  00000be4    0000006c     driverlib.lib : sysctl.obj (.const:g_pui32Xtals)
                  00000c50    00000014                   : interrupt.obj (.const:g_pui32EnRegs)

.cinit     0    00000c68    00000030     
                  00000c68    0000000c     (__TI_handler_table)
                  00000c74    00000009     (.cinit..data.load) [load image, compression = lzss]
                  00000c7d    00000003     --HOLE-- [fill = 0]
                  00000c80    00000008     (.cinit..bss.load) [load image, compression = zero_init]
                  00000c88    00000010     (__TI_cinit_table)

.init_array 
*          0    00000000    00000000     UNINITIALIZED

.data      0    200000c8    00000005     UNINITIALIZED
                  200000c8    00000003     buttons.obj (.data)
                  200000cb    00000002     main.obj (.data)

.bss       0    200000cd    00000004     UNINITIALIZED
                  200000cd    00000004     main.obj (.bss)

.stack     0    20000000    000000c8     UNINITIALIZED
                  20000000    00000004     rtsv7M4_T_le_v4SPD16_eabi.lib : boot_cortex_m.c.obj (.stack)
                  20000004    000000c4     --HOLE--

__llvm_prf_cnts 
*          0    20000000    00000000     UNINITIALIZED

MODULE SUMMARY

       Module                         code   ro data   rw data
       ------                         ----   -------   -------
    .\
       tm4c123gh6pm_startup_ccs.obj   12     620       0      
       main.obj                       420    0         6      
    +--+------------------------------+------+---------+---------+
       Total:                         432    620       6      
                                                              
    .\drivers\
       buttons.obj                    260    0         3      
    +--+------------------------------+------+---------+---------+
       Total:                         260    0         3      
                                                              
    C:/ti/TivaWare_C_Series-2.2.0.295/driverlib/ccs/Debug/driverlib.lib
       sysctl.obj                     582    108       0      
       gpio.obj                       446    0         0      
       interrupt.obj                  120    20        0      
       timer.obj                      140    0         0      
       cpu.obj                        12     0         0      
    +--+------------------------------+------+---------+---------+
       Total:                         1300   128       0      
                                                              
    C:\ti\ccs1011\ccs\tools\compiler\ti-cgt-arm_20.2.1.LTS\lib\rtsv7M4_T_le_v4SPD16_eabi.lib
       memcpy_t2.asm.obj              156    0         0      
       copy_decompress_lzss.c.obj     104    0         0      
       autoinit.c.obj                 68     0         0      
       boot_cortex_m.c.obj            52     0         0      
       copy_zero_init.c.obj           28     0         0      
       copy_decompress_none.c.obj     14     0         0      
       exit.c.obj                     4      0         0      
       pre_init.c.obj                 4      0         0      
    +--+------------------------------+------+---------+---------+
       Total:                         430    0         0      
                                                              
       Stack:                         0      0         200    
       Linker Generated:              0      45        0      
    +--+------------------------------+------+---------+---------+
       Grand Total:                   2422   793       209    


LINKER GENERATED COPY TABLES

__TI_cinit_table @ 00000c88 records: 2, size/record: 8, table size: 16
	.data: load addr=00000c74, load size=00000009 bytes, run addr=200000c8, run size=00000005 bytes, compression=lzss
	.bss: load addr=00000c80, load size=00000008 bytes, run addr=200000cd, run size=00000004 bytes, compression=zero_init


LINKER GENERATED HANDLER TABLE

__TI_handler_table @ 00000c68 records: 3, size/record: 4, table size: 12
	index: 0, handler: __TI_decompress_lzss
	index: 1, handler: __TI_decompress_none
	index: 2, handler: __TI_zero_init


GLOBAL SYMBOLS: SORTED ALPHABETICALLY BY Name 

address   name                          
-------   ----                          
00000735  ButtonsInit                   
00000695  ButtonsPoll                   
00000bdf  C$$EXIT                       
00000ba5  CPUcpsie                      
00000b05  GPIODirModeSet                
00000411  GPIOPadConfigSet              
00000bc5  GPIOPinRead                   
00000b4d  GPIOPinTypeGPIOOutput         
00000bcb  GPIOPinWrite                  
00000929  IntEnable                     
00000b79  IntMasterEnable               
00000bb1  ResetISR                      
0000057d  SysCtlClockGet                
00000799  SysCtlClockSet                
00000bd1  SysCtlDelay                   
00000a9d  SysCtlPeripheralEnable        
000002d1  Timer0IntHandler              
000009f9  TimerConfigure                
00000b89  TimerEnable                   
00000bd7  TimerIntClear                 
00000bbd  TimerIntEnable                
00000b67  TimerLoadSet                  
200000c8  __STACK_END                   
000000c8  __STACK_SIZE                  
20000200  __STACK_TOP                   
00000c88  __TI_CINIT_Base               
00000c98  __TI_CINIT_Limit              
00000c68  __TI_Handler_Table_Base       
00000c74  __TI_Handler_Table_Limit      
00000a59  __TI_auto_init_nobinit_nopinit
00000991  __TI_decompress_lzss          
00000b97  __TI_decompress_none          
ffffffff  __TI_pprof_out_hndl           
ffffffff  __TI_prof_data_size           
ffffffff  __TI_prof_data_start          
00000000  __TI_static_base__            
00000b31  __TI_zero_init_nomemset       
0000088d  __aeabi_memcpy                
0000088d  __aeabi_memcpy4               
0000088d  __aeabi_memcpy8               
ffffffff  __binit__                     
ffffffff  __c_args__                    
UNDEFED   __mpu_init                    
20000000  __stack                       
20000000  __start___llvm_prf_cnts       
20000000  __stop___llvm_prf_cnts        
00000ad1  _c_int00_noargs               
UNDEFED   _system_post_cinit            
00000bdb  _system_pre_init              
00000bdf  abort                         
ffffffff  binit                         
200000cb  brightness                    
0000032f  editBritgtness                
00000000  g_pfnVectors                  
0000026d  main                          
0000088d  memcpy                        


GLOBAL SYMBOLS: SORTED BY Symbol Address 

address   name                          
-------   ----                          
00000000  __TI_static_base__            
00000000  g_pfnVectors                  
000000c8  __STACK_SIZE                  
0000026d  main                          
000002d1  Timer0IntHandler              
0000032f  editBritgtness                
00000411  GPIOPadConfigSet              
0000057d  SysCtlClockGet                
00000695  ButtonsPoll                   
00000735  ButtonsInit                   
00000799  SysCtlClockSet                
0000088d  __aeabi_memcpy                
0000088d  __aeabi_memcpy4               
0000088d  __aeabi_memcpy8               
0000088d  memcpy                        
00000929  IntEnable                     
00000991  __TI_decompress_lzss          
000009f9  TimerConfigure                
00000a59  __TI_auto_init_nobinit_nopinit
00000a9d  SysCtlPeripheralEnable        
00000ad1  _c_int00_noargs               
00000b05  GPIODirModeSet                
00000b31  __TI_zero_init_nomemset       
00000b4d  GPIOPinTypeGPIOOutput         
00000b67  TimerLoadSet                  
00000b79  IntMasterEnable               
00000b89  TimerEnable                   
00000b97  __TI_decompress_none          
00000ba5  CPUcpsie                      
00000bb1  ResetISR                      
00000bbd  TimerIntEnable                
00000bc5  GPIOPinRead                   
00000bcb  GPIOPinWrite                  
00000bd1  SysCtlDelay                   
00000bd7  TimerIntClear                 
00000bdb  _system_pre_init              
00000bdf  C$$EXIT                       
00000bdf  abort                         
00000c68  __TI_Handler_Table_Base       
00000c74  __TI_Handler_Table_Limit      
00000c88  __TI_CINIT_Base               
00000c98  __TI_CINIT_Limit              
20000000  __stack                       
20000000  __start___llvm_prf_cnts       
20000000  __stop___llvm_prf_cnts        
200000c8  __STACK_END                   
200000cb  brightness                    
20000200  __STACK_TOP                   
ffffffff  __TI_pprof_out_hndl           
ffffffff  __TI_prof_data_size           
ffffffff  __TI_prof_data_start          
ffffffff  __binit__                     
ffffffff  __c_args__                    
ffffffff  binit                         
UNDEFED   __mpu_init                    
UNDEFED   _system_post_cinit            

[56 symbols]
