******************************************************************************
                  TI ARM Linker PC v20.2.1                     
******************************************************************************
>> Linked Mon Dec 28 17:38:07 2020

OUTPUT FILE NAME:   <lab3.out>
ENTRY POINT SYMBOL: "_c_int00_noargs"  address: 000007a9


MEMORY CONFIGURATION

         name            origin    length      used     unused   attr    fill
----------------------  --------  ---------  --------  --------  ----  --------
  FLASH                 00000000   00040000  0000086e  0003f792  R  X
  SRAM                  20000000   00008000  000000cc  00007f34  RW X


SEGMENT ALLOCATION MAP

run origin  load origin   length   init length attrs members
----------  ----------- ---------- ----------- ----- -------
00000000    00000000    00000870   00000870    r-x
  00000000    00000000    0000026c   0000026c    r-- .intvecs
  0000026c    0000026c    000005ea   000005ea    r-x .text
  00000858    00000858    00000018   00000018    r-- .cinit
20000000    20000000    000000cc   00000000    rw-
  20000000    20000000    000000c8   00000000    rw- .stack
  200000c8    200000c8    00000004   00000000    rw- .data


SECTION ALLOCATION MAP

 output                                  attributes/
section   page    origin      length       input sections
--------  ----  ----------  ----------   ----------------
.intvecs   0    00000000    0000026c     
                  00000000    0000026c     tm4c123gh6pm_startup_ccs.obj (.intvecs)

.text      0    0000026c    000005ea     
                  0000026c    0000016c     driverlib.lib : gpio.obj (.text:GPIOPadConfigSet)
                  000003d8    00000104     buttons.obj (.text)
                  000004dc    000000f4     driverlib.lib : sysctl.obj (.text:SysCtlClockSet)
                  000005d0    0000009c     rtsv7M4_T_le_v4SPD16_eabi.lib : memcpy_t2.asm.obj (.text)
                  0000066c    00000068                                   : copy_decompress_lzss.c.obj (.text:decompress:lzss:__TI_decompress_lzss)
                  000006d4    0000005c     main.obj (.text)
                  00000730    00000044     rtsv7M4_T_le_v4SPD16_eabi.lib : autoinit.c.obj (.text:__TI_auto_init_nobinit_nopinit:__TI_auto_init_nobinit_nopinit)
                  00000774    00000034     driverlib.lib : sysctl.obj (.text:SysCtlPeripheralEnable)
                  000007a8    00000034     rtsv7M4_T_le_v4SPD16_eabi.lib : boot_cortex_m.c.obj (.text:_c_int00_noargs:_c_int00_noargs)
                  000007dc    0000002c     driverlib.lib : gpio.obj (.text:GPIODirModeSet)
                  00000808    0000001a                   : gpio.obj (.text:GPIOPinTypeGPIOOutput)
                  00000822    0000000e     rtsv7M4_T_le_v4SPD16_eabi.lib : copy_decompress_none.c.obj (.text:decompress:none:__TI_decompress_none)
                  00000830    0000000c     tm4c123gh6pm_startup_ccs.obj (.text)
                  0000083c    00000006     driverlib.lib : gpio.obj (.text:GPIOPinRead)
                  00000842    00000006                   : gpio.obj (.text:GPIOPinWrite)
                  00000848    00000006                   : sysctl.obj (.text:SysCtlDelay)
                  0000084e    00000004     rtsv7M4_T_le_v4SPD16_eabi.lib : pre_init.c.obj (.text:_system_pre_init)
                  00000852    00000004                                   : exit.c.obj (.text:abort:abort)

.cinit     0    00000858    00000018     
                  00000858    00000008     (.cinit..data.load) [load image, compression = lzss]
                  00000860    00000008     (__TI_handler_table)
                  00000868    00000008     (__TI_cinit_table)

.init_array 
*          0    00000000    00000000     UNINITIALIZED

.data      0    200000c8    00000004     UNINITIALIZED
                  200000c8    00000003     buttons.obj (.data)
                  200000cb    00000001     main.obj (.data)

.stack     0    20000000    000000c8     UNINITIALIZED
                  20000000    00000004     rtsv7M4_T_le_v4SPD16_eabi.lib : boot_cortex_m.c.obj (.stack)
                  20000004    000000c4     --HOLE--

__llvm_prf_cnts 
*          0    20000000    00000000     UNINITIALIZED

MODULE SUMMARY

       Module                         code   ro data   rw data
       ------                         ----   -------   -------
    .\
       tm4c123gh6pm_startup_ccs.obj   12     620       0      
       main.obj                       92     0         1      
    +--+------------------------------+------+---------+---------+
       Total:                         104    620       1      
                                                              
    .\drivers\
       buttons.obj                    260    0         3      
    +--+------------------------------+------+---------+---------+
       Total:                         260    0         3      
                                                              
    C:/ti/TivaWare_C_Series-2.2.0.295/driverlib/ccs/Debug/driverlib.lib
       gpio.obj                       446    0         0      
       sysctl.obj                     302    0         0      
    +--+------------------------------+------+---------+---------+
       Total:                         748    0         0      
                                                              
    C:\ti\ccs1011\ccs\tools\compiler\ti-cgt-arm_20.2.1.LTS\lib\rtsv7M4_T_le_v4SPD16_eabi.lib
       memcpy_t2.asm.obj              156    0         0      
       copy_decompress_lzss.c.obj     104    0         0      
       autoinit.c.obj                 68     0         0      
       boot_cortex_m.c.obj            52     0         0      
       copy_decompress_none.c.obj     14     0         0      
       exit.c.obj                     4      0         0      
       pre_init.c.obj                 4      0         0      
    +--+------------------------------+------+---------+---------+
       Total:                         402    0         0      
                                                              
       Stack:                         0      0         200    
       Linker Generated:              0      24        0      
    +--+------------------------------+------+---------+---------+
       Grand Total:                   1514   644       204    


LINKER GENERATED COPY TABLES

__TI_cinit_table @ 00000868 records: 1, size/record: 8, table size: 8
	.data: load addr=00000858, load size=00000008 bytes, run addr=200000c8, run size=00000004 bytes, compression=lzss


LINKER GENERATED HANDLER TABLE

__TI_handler_table @ 00000860 records: 2, size/record: 4, table size: 8
	index: 0, handler: __TI_decompress_lzss
	index: 1, handler: __TI_decompress_none


GLOBAL SYMBOLS: SORTED ALPHABETICALLY BY Name 

address   name                          
-------   ----                          
00000479  ButtonsInit                   
000003d9  ButtonsPoll                   
00000853  C$$EXIT                       
000007dd  GPIODirModeSet                
0000026d  GPIOPadConfigSet              
0000083d  GPIOPinRead                   
00000809  GPIOPinTypeGPIOOutput         
00000843  GPIOPinWrite                  
00000831  ResetISR                      
000004dd  SysCtlClockSet                
00000849  SysCtlDelay                   
00000775  SysCtlPeripheralEnable        
200000c8  __STACK_END                   
000000c8  __STACK_SIZE                  
20000200  __STACK_TOP                   
00000868  __TI_CINIT_Base               
00000870  __TI_CINIT_Limit              
00000860  __TI_Handler_Table_Base       
00000868  __TI_Handler_Table_Limit      
00000731  __TI_auto_init_nobinit_nopinit
0000066d  __TI_decompress_lzss          
00000823  __TI_decompress_none          
ffffffff  __TI_pprof_out_hndl           
ffffffff  __TI_prof_data_size           
ffffffff  __TI_prof_data_start          
00000000  __TI_static_base__            
000005d1  __aeabi_memcpy                
000005d1  __aeabi_memcpy4               
000005d1  __aeabi_memcpy8               
ffffffff  __binit__                     
ffffffff  __c_args__                    
UNDEFED   __mpu_init                    
20000000  __stack                       
20000000  __start___llvm_prf_cnts       
20000000  __stop___llvm_prf_cnts        
000007a9  _c_int00_noargs               
UNDEFED   _system_post_cinit            
0000084f  _system_pre_init              
00000853  abort                         
ffffffff  binit                         
00000000  g_pfnVectors                  
000006d5  main                          
000005d1  memcpy                        
200000cb  ui8PinData                    


GLOBAL SYMBOLS: SORTED BY Symbol Address 

address   name                          
-------   ----                          
00000000  __TI_static_base__            
00000000  g_pfnVectors                  
000000c8  __STACK_SIZE                  
0000026d  GPIOPadConfigSet              
000003d9  ButtonsPoll                   
00000479  ButtonsInit                   
000004dd  SysCtlClockSet                
000005d1  __aeabi_memcpy                
000005d1  __aeabi_memcpy4               
000005d1  __aeabi_memcpy8               
000005d1  memcpy                        
0000066d  __TI_decompress_lzss          
000006d5  main                          
00000731  __TI_auto_init_nobinit_nopinit
00000775  SysCtlPeripheralEnable        
000007a9  _c_int00_noargs               
000007dd  GPIODirModeSet                
00000809  GPIOPinTypeGPIOOutput         
00000823  __TI_decompress_none          
00000831  ResetISR                      
0000083d  GPIOPinRead                   
00000843  GPIOPinWrite                  
00000849  SysCtlDelay                   
0000084f  _system_pre_init              
00000853  C$$EXIT                       
00000853  abort                         
00000860  __TI_Handler_Table_Base       
00000868  __TI_CINIT_Base               
00000868  __TI_Handler_Table_Limit      
00000870  __TI_CINIT_Limit              
20000000  __stack                       
20000000  __start___llvm_prf_cnts       
20000000  __stop___llvm_prf_cnts        
200000c8  __STACK_END                   
200000cb  ui8PinData                    
20000200  __STACK_TOP                   
ffffffff  __TI_pprof_out_hndl           
ffffffff  __TI_prof_data_size           
ffffffff  __TI_prof_data_start          
ffffffff  __binit__                     
ffffffff  __c_args__                    
ffffffff  binit                         
UNDEFED   __mpu_init                    
UNDEFED   _system_post_cinit            

[44 symbols]
