******************************************************************************
                  TI ARM Linker PC v20.2.1                     
******************************************************************************
>> Linked Mon Dec 28 17:38:31 2020

OUTPUT FILE NAME:   <lab6_clockLowEnergy.out>
ENTRY POINT SYMBOL: "_c_int00_noargs"  address: 00001639


MEMORY CONFIGURATION

         name            origin    length      used     unused   attr    fill
----------------------  --------  ---------  --------  --------  ----  --------
  FLASH                 00000000   00040000  00001994  0003e66c  R  X
  SRAM                  20000000   00008000  0000033c  00007cc4  RW X


SEGMENT ALLOCATION MAP

run origin  load origin   length   init length attrs members
----------  ----------- ---------- ----------- ----- -------
00000000    00000000    00001998   00001998    r-x
  00000000    00000000    0000026c   0000026c    r-- .intvecs
  0000026c    0000026c    00001524   00001524    r-x .text
  00001790    00001790    000001d4   000001d4    r-- .const
  00001968    00001968    00000030   00000030    r-- .cinit
20000000    20000000    00000340   00000000    rw-
  20000000    20000000    0000026c   00000000    rw- .vtable
  20000270    20000270    000000c8   00000000    rw- .stack
  20000338    20000338    00000008   00000000    rw- .data


SECTION ALLOCATION MAP

 output                                  attributes/
section   page    origin      length       input sections
--------  ----  ----------  ----------   ----------------
.intvecs   0    00000000    0000026c     
                  00000000    0000026c     tm4c123gh6pm_startup_ccs.obj (.intvecs)

.text      0    0000026c    00001524     
                  0000026c    0000062e     uart.obj (.text)
                  0000089a    00000002     driverlib.lib : interrupt.obj (.text:_IntDefaultHandler)
                  0000089c    000004a8     uartstdio.obj (.text)
                  00000d44    0000016c     driverlib.lib : gpio.obj (.text:GPIOPadConfigSet)
                  00000eb0    00000118                   : sysctl.obj (.text:SysCtlClockGet)
                  00000fc8    00000104     buttons.obj (.text)
                  000010cc    000000f4     driverlib.lib : sysctl.obj (.text:SysCtlClockSet)
                  000011c0    000000d0     main.obj (.text)
                  00001290    0000009c     rtsv7M4_T_le_v4SPD16_eabi.lib : memcpy_t2.asm.obj (.text)
                  0000132c    00000068     driverlib.lib : interrupt.obj (.text:IntDisable)
                  00001394    00000068                   : interrupt.obj (.text:IntEnable)
                  000013fc    00000068     rtsv7M4_T_le_v4SPD16_eabi.lib : copy_decompress_lzss.c.obj (.text:decompress:lzss:__TI_decompress_lzss)
                  00001464    00000064     driverlib.lib : hibernate.obj (.text:HibernateWakeSet)
                  000014c8    0000004c                   : gpio.obj (.text:GPIOPinConfigure)
                  00001514    00000044     rtsv7M4_T_le_v4SPD16_eabi.lib : autoinit.c.obj (.text:__TI_auto_init_nobinit_nopinit:__TI_auto_init_nobinit_nopinit)
                  00001558    00000040                                   : u_divt2.asm.obj (.text)
                  00001598    00000038     driverlib.lib : sysctl.obj (.text:SysCtlPeripheralPresent)
                  000015d0    00000034                   : interrupt.obj (.text:IntRegister)
                  00001604    00000034                   : sysctl.obj (.text:SysCtlPeripheralEnable)
                  00001638    00000034     rtsv7M4_T_le_v4SPD16_eabi.lib : boot_cortex_m.c.obj (.text:_c_int00_noargs:_c_int00_noargs)
                  0000166c    0000002c     driverlib.lib : gpio.obj (.text:GPIODirModeSet)
                  00001698    0000001c     rtsv7M4_T_le_v4SPD16_eabi.lib : copy_zero_init.c.obj (.text:decompress:ZI:__TI_zero_init_nomemset:__TI_zero_init_nomemset)
                  000016b4    00000018     driverlib.lib : hibernate.obj (.text:HibernateGPIORetentionEnable)
                  000016cc    00000016                   : gpio.obj (.text:GPIOPinTypeUART)
                  000016e2    00000002     rtsv7M4_T_le_v4SPD16_eabi.lib : div0.asm.obj (.text)
                  000016e4    00000014     driverlib.lib : hibernate.obj (.text:HibernateEnableExpClk)
                  000016f8    00000014                   : hibernate.obj (.text:HibernateRTCEnable)
                  0000170c    00000014                   : hibernate.obj (.text:HibernateRequest)
                  00001720    00000014                   : interrupt.obj (.text:IntUnregister)
                  00001734    00000010                   : hibernate.obj (.text:HibernateRTCMatchSet)
                  00001744    00000010                   : hibernate.obj (.text:_HibernateWriteComplete)
                  00001754    0000000e     rtsv7M4_T_le_v4SPD16_eabi.lib : copy_decompress_none.c.obj (.text:decompress:none:__TI_decompress_none)
                  00001762    00000002     --HOLE-- [fill = 0]
                  00001764    0000000c     driverlib.lib : hibernate.obj (.text:HibernateRTCGet)
                  00001770    0000000c     tm4c123gh6pm_startup_ccs.obj (.text)
                  0000177c    00000006     driverlib.lib : gpio.obj (.text:GPIOPinRead)
                  00001782    00000006                   : sysctl.obj (.text:SysCtlDelay)
                  00001788    00000004     rtsv7M4_T_le_v4SPD16_eabi.lib : pre_init.c.obj (.text:_system_pre_init)
                  0000178c    00000004                                   : exit.c.obj (.text:abort:abort)

.const     0    00001790    000001d4     
                  00001790    00000090     driverlib.lib : gpio.obj (.const:g_pui32GPIOBaseAddrs)
                  00001820    0000006c                   : sysctl.obj (.const:g_pui32Xtals)
                  0000188c    00000040     uart.obj (.const:g_ppui32UARTIntMap)
                  000018cc    00000040     uart.obj (.const:g_ppui32UARTIntMapSnowflake)
                  0000190c    00000014     driverlib.lib : interrupt.obj (.const:g_pui32Dii16Regs)
                  00001920    00000014                   : interrupt.obj (.const:g_pui32EnRegs)
                  00001934    00000012     uartstdio.obj (.const:.string)
                  00001946    00000002     --HOLE-- [fill = 0]
                  00001948    0000000c     uartstdio.obj (.const:g_ui32UARTBase)
                  00001954    0000000c     uartstdio.obj (.const:g_ui32UARTPeriph)
                  00001960    00000004     uartstdio.obj (.const)

.cinit     0    00001968    00000030     
                  00001968    0000000c     (__TI_handler_table)
                  00001974    0000000a     (.cinit..data.load) [load image, compression = lzss]
                  0000197e    00000002     --HOLE-- [fill = 0]
                  00001980    00000008     (.cinit..vtable.load) [load image, compression = zero_init]
                  00001988    00000010     (__TI_cinit_table)

.init_array 
*          0    00000000    00000000     UNINITIALIZED

.vtable    0    20000000    0000026c     UNINITIALIZED
                  20000000    0000026c     driverlib.lib : interrupt.obj (.vtable)

.data      0    20000338    00000008     UNINITIALIZED
                  20000338    00000005     uartstdio.obj (.data)
                  2000033d    00000003     buttons.obj (.data)

.stack     0    20000270    000000c8     UNINITIALIZED
                  20000270    00000004     rtsv7M4_T_le_v4SPD16_eabi.lib : boot_cortex_m.c.obj (.stack)
                  20000274    000000c4     --HOLE--

__llvm_prf_cnts 
*          0    20000000    00000000     UNINITIALIZED

MODULE SUMMARY

       Module                         code   ro data   rw data
       ------                         ----   -------   -------
    .\
       tm4c123gh6pm_startup_ccs.obj   12     620       0      
       main.obj                       208    0         0      
    +--+------------------------------+------+---------+---------+
       Total:                         220    620       0      
                                                              
    .\drivers\
       buttons.obj                    260    0         3      
    +--+------------------------------+------+---------+---------+
       Total:                         260    0         3      
                                                              
    .\utils\
       uart.obj                       1582   128       0      
       uartstdio.obj                  1192   46        5      
    +--+------------------------------+------+---------+---------+
       Total:                         2774   174       5      
                                                              
    C:/ti/TivaWare_C_Series-2.2.0.295/driverlib/ccs/Debug/driverlib.lib
       interrupt.obj                  282    40        620    
       sysctl.obj                     638    108       0      
       gpio.obj                       512    144       0      
       hibernate.obj                  228    0         0      
    +--+------------------------------+------+---------+---------+
       Total:                         1660   292       620    
                                                              
    C:\ti\ccs1011\ccs\tools\compiler\ti-cgt-arm_20.2.1.LTS\lib\rtsv7M4_T_le_v4SPD16_eabi.lib
       memcpy_t2.asm.obj              156    0         0      
       copy_decompress_lzss.c.obj     104    0         0      
       autoinit.c.obj                 68     0         0      
       u_divt2.asm.obj                64     0         0      
       boot_cortex_m.c.obj            52     0         0      
       copy_zero_init.c.obj           28     0         0      
       copy_decompress_none.c.obj     14     0         0      
       exit.c.obj                     4      0         0      
       pre_init.c.obj                 4      0         0      
       div0.asm.obj                   2      0         0      
    +--+------------------------------+------+---------+---------+
       Total:                         496    0         0      
                                                              
       Stack:                         0      0         200    
       Linker Generated:              0      46        0      
    +--+------------------------------+------+---------+---------+
       Grand Total:                   5410   1132      828    


LINKER GENERATED COPY TABLES

__TI_cinit_table @ 00001988 records: 2, size/record: 8, table size: 16
	.data: load addr=00001974, load size=0000000a bytes, run addr=20000338, run size=00000008 bytes, compression=lzss
	.vtable: load addr=00001980, load size=00000008 bytes, run addr=20000000, run size=0000026c bytes, compression=zero_init


LINKER GENERATED HANDLER TABLE

__TI_handler_table @ 00001968 records: 3, size/record: 4, table size: 12
	index: 0, handler: __TI_zero_init
	index: 1, handler: __TI_decompress_lzss
	index: 2, handler: __TI_decompress_none


GLOBAL SYMBOLS: SORTED ALPHABETICALLY BY Name 

address   name                          
-------   ----                          
00001069  ButtonsInit                   
00000fc9  ButtonsPoll                   
0000178d  C$$EXIT                       
0000122b  ConfigureUART                 
0000166d  GPIODirModeSet                
00000d45  GPIOPadConfigSet              
000014c9  GPIOPinConfigure              
0000177d  GPIOPinRead                   
000016cd  GPIOPinTypeUART               
000016e5  HibernateEnableExpClk         
000016b5  HibernateGPIORetentionEnable  
000016f9  HibernateRTCEnable            
00001765  HibernateRTCGet               
00001735  HibernateRTCMatchSet          
0000170d  HibernateRequest              
00001465  HibernateWakeSet              
0000132d  IntDisable                    
00001395  IntEnable                     
000015d1  IntRegister                   
00001721  IntUnregister                 
00001771  ResetISR                      
00000eb1  SysCtlClockGet                
000010cd  SysCtlClockSet                
00001783  SysCtlDelay                   
00001605  SysCtlPeripheralEnable        
00001599  SysCtlPeripheralPresent       
0000083d  UART9BitAddrSend              
00000817  UART9BitAddrSet               
00000801  UART9BitDisable               
000007eb  UART9BitEnable                
0000068f  UARTBreakCtl                  
000006b9  UARTBusy                      
00000637  UARTCharGet                   
0000061b  UARTCharGetNonBlocking        
00000671  UARTCharPut                   
0000064d  UARTCharPutNonBlocking        
000005df  UARTCharsAvail                
000007db  UARTClockSourceGet            
000007c7  UARTClockSourceSet            
000003af  UARTConfigGetExpClk           
00000339  UARTConfigSetExpClk           
0000078d  UARTDMADisable                
00000775  UARTDMAEnable                 
0000041f  UARTDisable                   
000004a3  UARTDisableSIR                
000003fb  UARTEnable                    
00000475  UARTEnableSIR                 
0000045f  UARTFIFODisable               
00000449  UARTFIFOEnable                
00000311  UARTFIFOLevelGet              
000002f9  UARTFIFOLevelSet              
0000059f  UARTFlowControlGet            
00000583  UARTFlowControlSet            
00000763  UARTIntClear                  
0000072d  UARTIntDisable                
00000715  UARTIntEnable                 
000006d7  UARTIntRegister               
00000745  UARTIntStatus                 
000006f5  UARTIntUnregister             
00000885  UARTLoopbackEnable            
00000539  UARTModemControlClear         
0000055d  UARTModemControlGet           
00000501  UARTModemControlSet           
0000056f  UARTModemStatusGet            
000002e7  UARTParityModeGet             
000002cb  UARTParityModeSet             
000007b7  UARTRxErrorClear              
000007a5  UARTRxErrorGet                
000004eb  UARTSmartCardDisable          
000004b9  UARTSmartCardEnable           
000005fd  UARTSpaceAvail                
0000089d  UARTStdioConfig               
000005cd  UARTTxIntModeGet              
000005b1  UARTTxIntModeSet              
000009ed  UARTgetc                      
00000933  UARTgets                      
00000d0f  UARTprintf                    
00000a15  UARTvprintf                   
000008e3  UARTwrite                     
20000338  __STACK_END                   
000000c8  __STACK_SIZE                  
20000470  __STACK_TOP                   
00001988  __TI_CINIT_Base               
00001998  __TI_CINIT_Limit              
00001968  __TI_Handler_Table_Base       
00001974  __TI_Handler_Table_Limit      
00001515  __TI_auto_init_nobinit_nopinit
000013fd  __TI_decompress_lzss          
00001755  __TI_decompress_none          
ffffffff  __TI_pprof_out_hndl           
ffffffff  __TI_prof_data_size           
ffffffff  __TI_prof_data_start          
00000000  __TI_static_base__            
00001699  __TI_zero_init_nomemset       
000016e3  __aeabi_idiv0                 
000016e3  __aeabi_ldiv0                 
00001291  __aeabi_memcpy                
00001291  __aeabi_memcpy4               
00001291  __aeabi_memcpy8               
00001559  __aeabi_uidiv                 
00001559  __aeabi_uidivmod              
ffffffff  __binit__                     
ffffffff  __c_args__                    
UNDEFED   __mpu_init                    
20000270  __stack                       
20000000  __start___llvm_prf_cnts       
20000000  __stop___llvm_prf_cnts        
00001639  _c_int00_noargs               
UNDEFED   _system_post_cinit            
00001789  _system_pre_init              
0000178d  abort                         
ffffffff  binit                         
20000000  g_pfnRAMVectors               
00000000  g_pfnVectors                  
000011c1  main                          
00001291  memcpy                        
000011e5  realTimeClock                 


GLOBAL SYMBOLS: SORTED BY Symbol Address 

address   name                          
-------   ----                          
00000000  __TI_static_base__            
00000000  g_pfnVectors                  
000000c8  __STACK_SIZE                  
000002cb  UARTParityModeSet             
000002e7  UARTParityModeGet             
000002f9  UARTFIFOLevelSet              
00000311  UARTFIFOLevelGet              
00000339  UARTConfigSetExpClk           
000003af  UARTConfigGetExpClk           
000003fb  UARTEnable                    
0000041f  UARTDisable                   
00000449  UARTFIFOEnable                
0000045f  UARTFIFODisable               
00000475  UARTEnableSIR                 
000004a3  UARTDisableSIR                
000004b9  UARTSmartCardEnable           
000004eb  UARTSmartCardDisable          
00000501  UARTModemControlSet           
00000539  UARTModemControlClear         
0000055d  UARTModemControlGet           
0000056f  UARTModemStatusGet            
00000583  UARTFlowControlSet            
0000059f  UARTFlowControlGet            
000005b1  UARTTxIntModeSet              
000005cd  UARTTxIntModeGet              
000005df  UARTCharsAvail                
000005fd  UARTSpaceAvail                
0000061b  UARTCharGetNonBlocking        
00000637  UARTCharGet                   
0000064d  UARTCharPutNonBlocking        
00000671  UARTCharPut                   
0000068f  UARTBreakCtl                  
000006b9  UARTBusy                      
000006d7  UARTIntRegister               
000006f5  UARTIntUnregister             
00000715  UARTIntEnable                 
0000072d  UARTIntDisable                
00000745  UARTIntStatus                 
00000763  UARTIntClear                  
00000775  UARTDMAEnable                 
0000078d  UARTDMADisable                
000007a5  UARTRxErrorGet                
000007b7  UARTRxErrorClear              
000007c7  UARTClockSourceSet            
000007db  UARTClockSourceGet            
000007eb  UART9BitEnable                
00000801  UART9BitDisable               
00000817  UART9BitAddrSet               
0000083d  UART9BitAddrSend              
00000885  UARTLoopbackEnable            
0000089d  UARTStdioConfig               
000008e3  UARTwrite                     
00000933  UARTgets                      
000009ed  UARTgetc                      
00000a15  UARTvprintf                   
00000d0f  UARTprintf                    
00000d45  GPIOPadConfigSet              
00000eb1  SysCtlClockGet                
00000fc9  ButtonsPoll                   
00001069  ButtonsInit                   
000010cd  SysCtlClockSet                
000011c1  main                          
000011e5  realTimeClock                 
0000122b  ConfigureUART                 
00001291  __aeabi_memcpy                
00001291  __aeabi_memcpy4               
00001291  __aeabi_memcpy8               
00001291  memcpy                        
0000132d  IntDisable                    
00001395  IntEnable                     
000013fd  __TI_decompress_lzss          
00001465  HibernateWakeSet              
000014c9  GPIOPinConfigure              
00001515  __TI_auto_init_nobinit_nopinit
00001559  __aeabi_uidiv                 
00001559  __aeabi_uidivmod              
00001599  SysCtlPeripheralPresent       
000015d1  IntRegister                   
00001605  SysCtlPeripheralEnable        
00001639  _c_int00_noargs               
0000166d  GPIODirModeSet                
00001699  __TI_zero_init_nomemset       
000016b5  HibernateGPIORetentionEnable  
000016cd  GPIOPinTypeUART               
000016e3  __aeabi_idiv0                 
000016e3  __aeabi_ldiv0                 
000016e5  HibernateEnableExpClk         
000016f9  HibernateRTCEnable            
0000170d  HibernateRequest              
00001721  IntUnregister                 
00001735  HibernateRTCMatchSet          
00001755  __TI_decompress_none          
00001765  HibernateRTCGet               
00001771  ResetISR                      
0000177d  GPIOPinRead                   
00001783  SysCtlDelay                   
00001789  _system_pre_init              
0000178d  C$$EXIT                       
0000178d  abort                         
00001968  __TI_Handler_Table_Base       
00001974  __TI_Handler_Table_Limit      
00001988  __TI_CINIT_Base               
00001998  __TI_CINIT_Limit              
20000000  __start___llvm_prf_cnts       
20000000  __stop___llvm_prf_cnts        
20000000  g_pfnRAMVectors               
20000270  __stack                       
20000338  __STACK_END                   
20000470  __STACK_TOP                   
ffffffff  __TI_pprof_out_hndl           
ffffffff  __TI_prof_data_size           
ffffffff  __TI_prof_data_start          
ffffffff  __binit__                     
ffffffff  __c_args__                    
ffffffff  binit                         
UNDEFED   __mpu_init                    
UNDEFED   _system_post_cinit            

[117 symbols]
