******************************************************************************
                  TI ARM Linker PC v20.2.1                     
******************************************************************************
>> Linked Mon Dec 28 17:38:18 2020

OUTPUT FILE NAME:   <lab6.out>
ENTRY POINT SYMBOL: "_c_int00_noinit_noargs"  address: 00000749


MEMORY CONFIGURATION

         name            origin    length      used     unused   attr    fill
----------------------  --------  ---------  --------  --------  ----  --------
  FLASH                 00000000   00040000  00000890  0003f770  R  X
  SRAM                  20000000   00008000  000000c8  00007f38  RW X


SEGMENT ALLOCATION MAP

run origin  load origin   length   init length attrs members
----------  ----------- ---------- ----------- ----- -------
00000000    00000000    00000890   00000890    r-x
  00000000    00000000    0000026c   0000026c    r-- .intvecs
  0000026c    0000026c    000005b8   000005b8    r-x .text
  00000824    00000824    0000006c   0000006c    r-- .const
20000000    20000000    000000c8   00000000    rw-
  20000000    20000000    000000c8   00000000    rw- .stack


SECTION ALLOCATION MAP

 output                                  attributes/
section   page    origin      length       input sections
--------  ----  ----------  ----------   ----------------
.intvecs   0    00000000    0000026c     
                  00000000    0000026c     tm4c123gh6pm_startup_ccs.obj (.intvecs)

.text      0    0000026c    000005b8     
                  0000026c    0000016c     driverlib.lib : gpio.obj (.text:GPIOPadConfigSet)
                  000003d8    00000118                   : sysctl.obj (.text:SysCtlClockGet)
                  000004f0    000000f4                   : sysctl.obj (.text:SysCtlClockSet)
                  000005e4    00000074     main.obj (.text)
                  00000658    00000064     driverlib.lib : hibernate.obj (.text:HibernateWakeSet)
                  000006bc    00000034                   : sysctl.obj (.text:SysCtlPeripheralEnable)
                  000006f0    0000002c                   : gpio.obj (.text:GPIODirModeSet)
                  0000071c    0000002c                   : hibernate.obj (.text:HibernateRTCSet)
                  00000748    0000002c     rtsv7M4_T_le_v4SPD16_eabi.lib : boot_cortex_m.c.obj (.text:_c_int00_noinit_noargs:_c_int00_noinit_noargs)
                  00000774    0000001a     driverlib.lib : gpio.obj (.text:GPIOPinTypeGPIOOutput)
                  0000078e    00000002     --HOLE-- [fill = 0]
                  00000790    00000018                   : hibernate.obj (.text:HibernateGPIORetentionEnable)
                  000007a8    00000014                   : hibernate.obj (.text:HibernateEnableExpClk)
                  000007bc    00000014                   : hibernate.obj (.text:HibernateRTCEnable)
                  000007d0    00000014                   : hibernate.obj (.text:HibernateRequest)
                  000007e4    00000010                   : hibernate.obj (.text:HibernateRTCMatchSet)
                  000007f4    00000010                   : hibernate.obj (.text:_HibernateWriteComplete)
                  00000804    0000000c     tm4c123gh6pm_startup_ccs.obj (.text)
                  00000810    00000006     driverlib.lib : gpio.obj (.text:GPIOPinWrite)
                  00000816    00000006                   : sysctl.obj (.text:SysCtlDelay)
                  0000081c    00000004     rtsv7M4_T_le_v4SPD16_eabi.lib : pre_init.c.obj (.text:_system_pre_init)
                  00000820    00000004                                   : exit.c.obj (.text:abort:abort)

.const     0    00000824    0000006c     
                  00000824    0000006c     driverlib.lib : sysctl.obj (.const:g_pui32Xtals)

.cinit     0    00000000    00000000     UNINITIALIZED

.init_array 
*          0    00000000    00000000     UNINITIALIZED

.stack     0    20000000    000000c8     UNINITIALIZED
                  20000000    00000004     rtsv7M4_T_le_v4SPD16_eabi.lib : boot_cortex_m.c.obj (.stack)
                  20000004    000000c4     --HOLE--

__llvm_prf_cnts 
*          0    20000000    00000000     UNINITIALIZED

MODULE SUMMARY

       Module                         code   ro data   rw data
       ------                         ----   -------   -------
    .\
       tm4c123gh6pm_startup_ccs.obj   12     620       0      
       main.obj                       116    0         0      
    +--+------------------------------+------+---------+---------+
       Total:                         128    620       0      
                                                              
    C:/ti/TivaWare_C_Series-2.2.0.295/driverlib/ccs/Debug/driverlib.lib
       sysctl.obj                     582    108       0      
       gpio.obj                       440    0         0      
       hibernate.obj                  260    0         0      
    +--+------------------------------+------+---------+---------+
       Total:                         1282   108       0      
                                                              
    C:\ti\ccs1011\ccs\tools\compiler\ti-cgt-arm_20.2.1.LTS\lib\rtsv7M4_T_le_v4SPD16_eabi.lib
       boot_cortex_m.c.obj            44     0         0      
       exit.c.obj                     4      0         0      
       pre_init.c.obj                 4      0         0      
    +--+------------------------------+------+---------+---------+
       Total:                         52     0         0      
                                                              
       Stack:                         0      0         200    
    +--+------------------------------+------+---------+---------+
       Grand Total:                   1462   728       200    


GLOBAL SYMBOLS: SORTED ALPHABETICALLY BY Name 

address   name                        
-------   ----                        
00000821  C$$EXIT                     
000006f1  GPIODirModeSet              
0000026d  GPIOPadConfigSet            
00000775  GPIOPinTypeGPIOOutput       
00000811  GPIOPinWrite                
000007a9  HibernateEnableExpClk       
00000791  HibernateGPIORetentionEnable
000007bd  HibernateRTCEnable          
000007e5  HibernateRTCMatchSet        
0000071d  HibernateRTCSet             
000007d1  HibernateRequest            
00000659  HibernateWakeSet            
00000805  ResetISR                    
000003d9  SysCtlClockGet              
000004f1  SysCtlClockSet              
00000817  SysCtlDelay                 
000006bd  SysCtlPeripheralEnable      
200000c8  __STACK_END                 
000000c8  __STACK_SIZE                
20000200  __STACK_TOP                 
ffffffff  __TI_pprof_out_hndl         
ffffffff  __TI_prof_data_size         
ffffffff  __TI_prof_data_start        
00000000  __TI_static_base__          
ffffffff  __binit__                   
ffffffff  __c_args__                  
UNDEFED   __mpu_init                  
20000000  __stack                     
20000000  __start___llvm_prf_cnts     
20000000  __stop___llvm_prf_cnts      
00000749  _c_int00_noinit_noargs      
0000081d  _system_pre_init            
00000821  abort                       
ffffffff  binit                       
00000000  g_pfnVectors                
000005e5  main                        


GLOBAL SYMBOLS: SORTED BY Symbol Address 

address   name                        
-------   ----                        
00000000  __TI_static_base__          
00000000  g_pfnVectors                
000000c8  __STACK_SIZE                
0000026d  GPIOPadConfigSet            
000003d9  SysCtlClockGet              
000004f1  SysCtlClockSet              
000005e5  main                        
00000659  HibernateWakeSet            
000006bd  SysCtlPeripheralEnable      
000006f1  GPIODirModeSet              
0000071d  HibernateRTCSet             
00000749  _c_int00_noinit_noargs      
00000775  GPIOPinTypeGPIOOutput       
00000791  HibernateGPIORetentionEnable
000007a9  HibernateEnableExpClk       
000007bd  HibernateRTCEnable          
000007d1  HibernateRequest            
000007e5  HibernateRTCMatchSet        
00000805  ResetISR                    
00000811  GPIOPinWrite                
00000817  SysCtlDelay                 
0000081d  _system_pre_init            
00000821  C$$EXIT                     
00000821  abort                       
20000000  __stack                     
20000000  __start___llvm_prf_cnts     
20000000  __stop___llvm_prf_cnts      
200000c8  __STACK_END                 
20000200  __STACK_TOP                 
ffffffff  __TI_pprof_out_hndl         
ffffffff  __TI_prof_data_size         
ffffffff  __TI_prof_data_start        
ffffffff  __binit__                   
ffffffff  __c_args__                  
ffffffff  binit                       
UNDEFED   __mpu_init                  

[36 symbols]
