******************************************************************************
                  TI ARM Linker PC v20.2.1                     
******************************************************************************
>> Linked Mon Dec 28 19:47:50 2020

OUTPUT FILE NAME:   <clockLowEnergyWithSynch_cpp.out>
ENTRY POINT SYMBOL: "_c_int00_noargs"  address: 00001309


MEMORY CONFIGURATION

         name            origin    length      used     unused   attr    fill
----------------------  --------  ---------  --------  --------  ----  --------
  FLASH                 00000000   00040000  00001822  0003e7de  R  X
  SRAM                  20000000   00008000  000002f7  00007d09  RW X


SEGMENT ALLOCATION MAP

run origin  load origin   length   init length attrs members
----------  ----------- ---------- ----------- ----- -------
00000000    00000000    00001828   00001828    r-x
  00000000    00000000    0000026c   0000026c    r-- .intvecs
  0000026c    0000026c    000012de   000012de    r-x .text
  0000154c    0000154c    00000298   00000298    r-- .const
  000017e8    000017e8    00000040   00000040    r-- .cinit
20000000    20000000    000002f7   00000000    rw-
  20000000    20000000    000001f8   00000000    rw- .stack
  200001f8    200001f8    000000c8   00000000    rw- .bss
  200002c0    200002c0    00000037   00000000    rw- .data


SECTION ALLOCATION MAP

 output                                  attributes/
section   page    origin      length       input sections
--------  ----  ----------  ----------   ----------------
.intvecs   0    00000000    0000026c     
                  00000000    0000026c     tm4c123gh6pm_startup_ccs.obj (.intvecs)

.text      0    0000026c    000012de     
                  0000026c    00000304     MainCPP.obj (.text)
                  00000570    000002a0     rtsv7M4_T_le_v4SPD16_eabi.lib : mktime.c.obj (.text:__mktime32)
                  00000810    0000016c     driverlib.lib : gpio.obj (.text:GPIOPadConfigSet)
                  0000097c    00000134     rtsv7M4_T_le_v4SPD16_eabi.lib : localtim.c.obj (.text:__localtime32)
                  00000ab0    00000128     buttons.obj (.text)
                  00000bd8    00000118     driverlib.lib : sysctl.obj (.text:SysCtlClockGet)
                  00000cf0    000000f4                   : sysctl.obj (.text:SysCtlClockSet)
                  00000de4    0000009c     rtsv7M4_T_le_v4SPD16_eabi.lib : memcpy_t2.asm.obj (.text)
                  00000e80    00000096                                   : ull_div_t2.asm.obj (.text)
                  00000f16    00000002                                   : div0.asm.obj (.text)
                  00000f18    0000006e                                   : ltoa.c.obj (.text:ltoa)
                  00000f86    0000006e                                   : ll_div_t2.asm.obj (.text)
                  00000ff4    00000068     driverlib.lib : interrupt.obj (.text:IntEnable)
                  0000105c    00000068     rtsv7M4_T_le_v4SPD16_eabi.lib : copy_decompress_lzss.c.obj (.text:decompress:lzss:__TI_decompress_lzss)
                  000010c4    00000064     driverlib.lib : hibernate.obj (.text:HibernateWakeSet)
                  00001128    0000004c                   : gpio.obj (.text:GPIOPinConfigure)
                  00001174    0000004c     rtsv7M4_T_le_v4SPD16_eabi.lib : atoi.c.obj (.text:atoi)
                  000011c0    00000048     main.obj (.text)
                  00001208    00000046     driverlib.lib : uart.obj (.text:UARTConfigSetExpClk)
                  0000124e    00000002     --HOLE-- [fill = 0]
                  00001250    00000044     rtsv7M4_T_le_v4SPD16_eabi.lib : autoinit.c.obj (.text:__TI_auto_init_nobinit_nopinit:__TI_auto_init_nobinit_nopinit)
                  00001294    00000040                                   : u_divt2.asm.obj (.text)
                  000012d4    00000034     driverlib.lib : sysctl.obj (.text:SysCtlPeripheralEnable)
                  00001308    00000034     rtsv7M4_T_le_v4SPD16_eabi.lib : boot_cortex_m.c.obj (.text:_c_int00_noargs:_c_int00_noargs)
                  0000133c    0000002c     driverlib.lib : gpio.obj (.text:GPIODirModeSet)
                  00001368    0000002c                   : hibernate.obj (.text:HibernateRTCSet)
                  00001394    00000020                   : uart.obj (.text:UARTDisable)
                  000013b4    0000001c     rtsv7M4_T_le_v4SPD16_eabi.lib : copy_zero_init.c.obj (.text:decompress:ZI:__TI_zero_init_nomemset:__TI_zero_init_nomemset)
                  000013d0    0000001a     driverlib.lib : gpio.obj (.text:GPIOPinTypeGPIOOutput)
                  000013ea    00000002     --HOLE-- [fill = 0]
                  000013ec    00000018                   : hibernate.obj (.text:HibernateGPIORetentionEnable)
                  00001404    00000016                   : gpio.obj (.text:GPIOPinTypeUART)
                  0000141a    00000002     --HOLE-- [fill = 0]
                  0000141c    00000014                   : hibernate.obj (.text:HibernateEnableExpClk)
                  00001430    00000014                   : hibernate.obj (.text:HibernateRTCEnable)
                  00001444    00000014                   : hibernate.obj (.text:HibernateRequest)
                  00001458    00000014                   : uart.obj (.text:UARTEnable)
                  0000146c    00000014     rtsv7M4_T_le_v4SPD16_eabi.lib : strcpy.c.obj (.text:strcpy)
                  00001480    00000010     driverlib.lib : hibernate.obj (.text:HibernateRTCMatchSet)
                  00001490    00000010                   : interrupt.obj (.text:IntMasterEnable)
                  000014a0    00000010                   : hibernate.obj (.text:_HibernateWriteComplete)
                  000014b0    0000000e                   : uart.obj (.text:UARTCharGetNonBlocking)
                  000014be    0000000e                   : uart.obj (.text:UARTCharPutNonBlocking)
                  000014cc    0000000e                   : uart.obj (.text:UARTCharsAvail)
                  000014da    0000000e     rtsv7M4_T_le_v4SPD16_eabi.lib : copy_decompress_none.c.obj (.text:decompress:none:__TI_decompress_none)
                  000014e8    0000000c     driverlib.lib : cpu.obj (.text:CPUcpsie)
                  000014f4    0000000c                   : hibernate.obj (.text:HibernateRTCGet)
                  00001500    0000000c     tm4c123gh6pm_startup_ccs.obj (.text)
                  0000150c    0000000a     driverlib.lib : uart.obj (.text:UARTCharGet)
                  00001516    0000000a                   : uart.obj (.text:UARTCharPut)
                  00001520    0000000a                   : uart.obj (.text:UARTIntStatus)
                  0000152a    00000008                   : uart.obj (.text:UARTIntEnable)
                  00001532    00000006                   : gpio.obj (.text:GPIOPinWrite)
                  00001538    00000006                   : sysctl.obj (.text:SysCtlDelay)
                  0000153e    00000004                   : uart.obj (.text:UARTIntClear)
                  00001542    00000004     rtsv7M4_T_le_v4SPD16_eabi.lib : pre_init.c.obj (.text:_system_pre_init)
                  00001546    00000004                                   : exit.c.obj (.text:abort:abort)

.const     0    0000154c    00000298     
                  0000154c    00000101     rtsv7M4_T_le_v4SPD16_eabi.lib : ctype.c.obj (.const:.string:_ctypes_)
                  0000164d    00000003     --HOLE-- [fill = 0]
                  00001650    00000090     driverlib.lib : gpio.obj (.const:g_pui32GPIOBaseAddrs)
                  000016e0    0000006c                   : sysctl.obj (.const:g_pui32Xtals)
                  0000174c    00000060     rtsv7M4_T_le_v4SPD16_eabi.lib : mktime.c.obj (.const:$O1$$)
                  000017ac    00000024     MainCPP.obj (.const:$P$T0$1)
                  000017d0    00000014     driverlib.lib : interrupt.obj (.const:g_pui32EnRegs)

.cinit     0    000017e8    00000040     
                  000017e8    0000001c     (.cinit..data.load) [load image, compression = lzss]
                  00001804    0000000c     (__TI_handler_table)
                  00001810    00000008     (.cinit..bss.load) [load image, compression = zero_init]
                  00001818    00000010     (__TI_cinit_table)

.init_array 
*          0    00000000    00000000     UNINITIALIZED

.bss       0    200001f8    000000c8     UNINITIALIZED
                  200001f8    00000064     (.common:textReceived)
                  2000025c    00000064     (.common:textToSend)

.data      0    200002c0    00000037     UNINITIALIZED
                  200002c0    00000024     rtsv7M4_T_le_v4SPD16_eabi.lib : localtim.c.obj (.data:local_tm)
                  200002e4    00000010                                   : tmzone.c.obj (.data:_tz)
                  200002f4    00000003     buttons.obj (.data)

.stack     0    20000000    000001f8     UNINITIALIZED
                  20000000    00000004     rtsv7M4_T_le_v4SPD16_eabi.lib : boot_cortex_m.c.obj (.stack)
                  20000004    000001f4     --HOLE--

__llvm_prf_cnts 
*          0    20000000    00000000     UNINITIALIZED

MODULE SUMMARY

       Module                         code   ro data   rw data
       ------                         ----   -------   -------
    .\
       MainCPP.obj                    772    36        200    
       tm4c123gh6pm_startup_ccs.obj   12     620       0      
       main.obj                       72     0         0      
    +--+------------------------------+------+---------+---------+
       Total:                         856    656       200    
                                                              
    .\drivers\
       buttons.obj                    296    0         3      
    +--+------------------------------+------+---------+---------+
       Total:                         296    0         3      
                                                              
    C:/ti/TivaWare_C_Series-2.2.0.295/driverlib/ccs/Debug/driverlib.lib
       sysctl.obj                     582    108       0      
       gpio.obj                       538    144       0      
       hibernate.obj                  272    0         0      
       uart.obj                       206    0         0      
       interrupt.obj                  120    20        0      
       cpu.obj                        12     0         0      
    +--+------------------------------+------+---------+---------+
       Total:                         1730   272       0      
                                                              
    C:\ti\ccs1011\ccs\tools\compiler\ti-cgt-arm_20.2.1.LTS\lib\rtsv7M4_T_le_v4SPD16_eabi.lib
       mktime.c.obj                   672    96        0      
       localtim.c.obj                 308    0         36     
       ctype.c.obj                    0      257       0      
       memcpy_t2.asm.obj              156    0         0      
       ull_div_t2.asm.obj             150    0         0      
       ll_div_t2.asm.obj              110    0         0      
       ltoa.c.obj                     110    0         0      
       copy_decompress_lzss.c.obj     104    0         0      
       atoi.c.obj                     76     0         0      
       autoinit.c.obj                 68     0         0      
       u_divt2.asm.obj                64     0         0      
       boot_cortex_m.c.obj            52     0         0      
       copy_zero_init.c.obj           28     0         0      
       strcpy.c.obj                   20     0         0      
       tmzone.c.obj                   0      0         16     
       copy_decompress_none.c.obj     14     0         0      
       exit.c.obj                     4      0         0      
       pre_init.c.obj                 4      0         0      
       div0.asm.obj                   2      0         0      
    +--+------------------------------+------+---------+---------+
       Total:                         1942   353       52     
                                                              
       Stack:                         0      0         504    
       Linker Generated:              0      64        0      
    +--+------------------------------+------+---------+---------+
       Grand Total:                   4824   1345      759    


LINKER GENERATED COPY TABLES

__TI_cinit_table @ 00001818 records: 2, size/record: 8, table size: 16
	.data: load addr=000017e8, load size=0000001c bytes, run addr=200002c0, run size=00000037 bytes, compression=lzss
	.bss: load addr=00001810, load size=00000008 bytes, run addr=200001f8, run size=000000c8 bytes, compression=zero_init


LINKER GENERATED HANDLER TABLE

__TI_handler_table @ 00001804 records: 3, size/record: 4, table size: 12
	index: 0, handler: __TI_decompress_lzss
	index: 1, handler: __TI_decompress_none
	index: 2, handler: __TI_zero_init


GLOBAL SYMBOLS: SORTED ALPHABETICALLY BY Name 

address   name                          
-------   ----                          
00000b57  ButtonsInit                   
00000ab1  ButtonsPoll                   
00001547  C$$EXIT                       
000014e9  CPUcpsie                      
0000133d  GPIODirModeSet                
00000811  GPIOPadConfigSet              
00001129  GPIOPinConfigure              
000013d1  GPIOPinTypeGPIOOutput         
00001405  GPIOPinTypeUART               
00001533  GPIOPinWrite                  
0000141d  HibernateEnableExpClk         
000013ed  HibernateGPIORetentionEnable  
00001431  HibernateRTCEnable            
000014f5  HibernateRTCGet               
00001481  HibernateRTCMatchSet          
00001369  HibernateRTCSet               
00001445  HibernateRequest              
000010c5  HibernateWakeSet              
00000ff5  IntEnable                     
00001491  IntMasterEnable               
00001501  ResetISR                      
00000bd9  SysCtlClockGet                
00000cf1  SysCtlClockSet                
00001539  SysCtlDelay                   
000012d5  SysCtlPeripheralEnable        
0000150d  UARTCharGet                   
000014b1  UARTCharGetNonBlocking        
00001517  UARTCharPut                   
000014bf  UARTCharPutNonBlocking        
000014cd  UARTCharsAvail                
00001209  UARTConfigSetExpClk           
00001395  UARTDisable                   
00001459  UARTEnable                    
0000153f  UARTIntClear                  
0000152b  UARTIntEnable                 
000011c1  UARTIntHandler                
00001521  UARTIntStatus                 
0000031b  _Z10tmToStringP2tmPc          
000002c5  _Z11setTimeBasePcP2tm         
000003c5  _Z13realTimeClockv            
0000026d  _Z8sendTextPc                 
0000028d  _Z8sendTexti                  
200001f8  __STACK_END                   
000001f8  __STACK_SIZE                  
20000200  __STACK_TOP                   
00001818  __TI_CINIT_Base               
00001828  __TI_CINIT_Limit              
00001804  __TI_Handler_Table_Base       
00001810  __TI_Handler_Table_Limit      
00001251  __TI_auto_init_nobinit_nopinit
0000105d  __TI_decompress_lzss          
000014db  __TI_decompress_none          
ffffffff  __TI_pprof_out_hndl           
ffffffff  __TI_prof_data_size           
ffffffff  __TI_prof_data_start          
00000000  __TI_static_base__            
000013b5  __TI_zero_init_nomemset       
00000f17  __aeabi_idiv0                 
00000f17  __aeabi_ldiv0                 
00000f87  __aeabi_ldivmod               
00000de5  __aeabi_memcpy                
00000de5  __aeabi_memcpy4               
00000de5  __aeabi_memcpy8               
00001295  __aeabi_uidiv                 
00001295  __aeabi_uidivmod              
00000e81  __aeabi_uldivmod              
ffffffff  __binit__                     
ffffffff  __c_args__                    
0000097d  __localtime32                 
00000571  __mktime32                    
UNDEFED   __mpu_init                    
20000000  __stack                       
20000000  __start___llvm_prf_cnts       
20000000  __stop___llvm_prf_cnts        
00001309  _c_int00_noargs               
0000154c  _ctypes_                      
UNDEFED   _system_post_cinit            
00001543  _system_pre_init              
200002e4  _tz                           
00001547  abort                         
00001175  atoi                          
ffffffff  binit                         
00000000  g_pfnVectors                  
0000097d  localtime                     
00000f19  ltoa                          
000011f7  main                          
000004c9  main_cpp                      
00000de5  memcpy                        
00000571  mktime                        
0000146d  strcpy                        
200001f8  textReceived                  
2000025c  textToSend                    


GLOBAL SYMBOLS: SORTED BY Symbol Address 

address   name                          
-------   ----                          
00000000  __TI_static_base__            
00000000  g_pfnVectors                  
000001f8  __STACK_SIZE                  
0000026d  _Z8sendTextPc                 
0000028d  _Z8sendTexti                  
000002c5  _Z11setTimeBasePcP2tm         
0000031b  _Z10tmToStringP2tmPc          
000003c5  _Z13realTimeClockv            
000004c9  main_cpp                      
00000571  __mktime32                    
00000571  mktime                        
00000811  GPIOPadConfigSet              
0000097d  __localtime32                 
0000097d  localtime                     
00000ab1  ButtonsPoll                   
00000b57  ButtonsInit                   
00000bd9  SysCtlClockGet                
00000cf1  SysCtlClockSet                
00000de5  __aeabi_memcpy                
00000de5  __aeabi_memcpy4               
00000de5  __aeabi_memcpy8               
00000de5  memcpy                        
00000e81  __aeabi_uldivmod              
00000f17  __aeabi_idiv0                 
00000f17  __aeabi_ldiv0                 
00000f19  ltoa                          
00000f87  __aeabi_ldivmod               
00000ff5  IntEnable                     
0000105d  __TI_decompress_lzss          
000010c5  HibernateWakeSet              
00001129  GPIOPinConfigure              
00001175  atoi                          
000011c1  UARTIntHandler                
000011f7  main                          
00001209  UARTConfigSetExpClk           
00001251  __TI_auto_init_nobinit_nopinit
00001295  __aeabi_uidiv                 
00001295  __aeabi_uidivmod              
000012d5  SysCtlPeripheralEnable        
00001309  _c_int00_noargs               
0000133d  GPIODirModeSet                
00001369  HibernateRTCSet               
00001395  UARTDisable                   
000013b5  __TI_zero_init_nomemset       
000013d1  GPIOPinTypeGPIOOutput         
000013ed  HibernateGPIORetentionEnable  
00001405  GPIOPinTypeUART               
0000141d  HibernateEnableExpClk         
00001431  HibernateRTCEnable            
00001445  HibernateRequest              
00001459  UARTEnable                    
0000146d  strcpy                        
00001481  HibernateRTCMatchSet          
00001491  IntMasterEnable               
000014b1  UARTCharGetNonBlocking        
000014bf  UARTCharPutNonBlocking        
000014cd  UARTCharsAvail                
000014db  __TI_decompress_none          
000014e9  CPUcpsie                      
000014f5  HibernateRTCGet               
00001501  ResetISR                      
0000150d  UARTCharGet                   
00001517  UARTCharPut                   
00001521  UARTIntStatus                 
0000152b  UARTIntEnable                 
00001533  GPIOPinWrite                  
00001539  SysCtlDelay                   
0000153f  UARTIntClear                  
00001543  _system_pre_init              
00001547  C$$EXIT                       
00001547  abort                         
0000154c  _ctypes_                      
00001804  __TI_Handler_Table_Base       
00001810  __TI_Handler_Table_Limit      
00001818  __TI_CINIT_Base               
00001828  __TI_CINIT_Limit              
20000000  __stack                       
20000000  __start___llvm_prf_cnts       
20000000  __stop___llvm_prf_cnts        
200001f8  __STACK_END                   
200001f8  textReceived                  
20000200  __STACK_TOP                   
2000025c  textToSend                    
200002e4  _tz                           
ffffffff  __TI_pprof_out_hndl           
ffffffff  __TI_prof_data_size           
ffffffff  __TI_prof_data_start          
ffffffff  __binit__                     
ffffffff  __c_args__                    
ffffffff  binit                         
UNDEFED   __mpu_init                    
UNDEFED   _system_post_cinit            

[92 symbols]
