******************************************************************************
                  TI ARM Linker PC v20.2.1                     
******************************************************************************
>> Linked Mon Dec 28 17:37:58 2020

OUTPUT FILE NAME:   <clockLowEnergyWithSynch.out>
ENTRY POINT SYMBOL: "_c_int00_noargs"  address: 000012d9


MEMORY CONFIGURATION

         name            origin    length      used     unused   attr    fill
----------------------  --------  ---------  --------  --------  ----  --------
  FLASH                 00000000   00040000  000017f2  0003e80e  R  X
  SRAM                  20000000   00008000  000002f7  00007d09  RW X


SEGMENT ALLOCATION MAP

run origin  load origin   length   init length attrs members
----------  ----------- ---------- ----------- ----- -------
00000000    00000000    000017f8   000017f8    r-x
  00000000    00000000    0000026c   0000026c    r-- .intvecs
  0000026c    0000026c    000012ae   000012ae    r-x .text
  0000151c    0000151c    00000298   00000298    r-- .const
  000017b8    000017b8    00000040   00000040    r-- .cinit
20000000    20000000    000002f7   00000000    rw-
  20000000    20000000    000001f8   00000000    rw- .stack
  200001f8    200001f8    000000c8   00000000    rw- .bss
  200002c0    200002c0    00000037   00000000    rw- .data


SECTION ALLOCATION MAP

 output                                  attributes/
section   page    origin      length       input sections
--------  ----  ----------  ----------   ----------------
.intvecs   0    00000000    0000026c     
                  00000000    0000026c     tm4c123gh6pm_startup_ccs.obj (.intvecs)

.text      0    0000026c    000012ae     
                  0000026c    0000031c     main.obj (.text)
                  00000588    000002a0     rtsv7M4_T_le_v4SPD16_eabi.lib : mktime.c.obj (.text:__mktime32)
                  00000828    0000016c     driverlib.lib : gpio.obj (.text:GPIOPadConfigSet)
                  00000994    00000134     rtsv7M4_T_le_v4SPD16_eabi.lib : localtim.c.obj (.text:__localtime32)
                  00000ac8    00000128     buttons.obj (.text)
                  00000bf0    00000118     driverlib.lib : sysctl.obj (.text:SysCtlClockGet)
                  00000d08    000000f4                   : sysctl.obj (.text:SysCtlClockSet)
                  00000dfc    0000009c     rtsv7M4_T_le_v4SPD16_eabi.lib : memcpy_t2.asm.obj (.text)
                  00000e98    00000096                                   : ull_div_t2.asm.obj (.text)
                  00000f2e    00000002                                   : div0.asm.obj (.text)
                  00000f30    0000006e                                   : ltoa.c.obj (.text:ltoa)
                  00000f9e    0000006e                                   : ll_div_t2.asm.obj (.text)
                  0000100c    00000068     driverlib.lib : interrupt.obj (.text:IntEnable)
                  00001074    00000068     rtsv7M4_T_le_v4SPD16_eabi.lib : copy_decompress_lzss.c.obj (.text:decompress:lzss:__TI_decompress_lzss)
                  000010dc    00000064     driverlib.lib : hibernate.obj (.text:HibernateWakeSet)
                  00001140    0000004c                   : gpio.obj (.text:GPIOPinConfigure)
                  0000118c    0000004c     rtsv7M4_T_le_v4SPD16_eabi.lib : atoi.c.obj (.text:atoi)
                  000011d8    00000046     driverlib.lib : uart.obj (.text:UARTConfigSetExpClk)
                  0000121e    00000002     --HOLE-- [fill = 0]
                  00001220    00000044     rtsv7M4_T_le_v4SPD16_eabi.lib : autoinit.c.obj (.text:__TI_auto_init_nobinit_nopinit:__TI_auto_init_nobinit_nopinit)
                  00001264    00000040                                   : u_divt2.asm.obj (.text)
                  000012a4    00000034     driverlib.lib : sysctl.obj (.text:SysCtlPeripheralEnable)
                  000012d8    00000034     rtsv7M4_T_le_v4SPD16_eabi.lib : boot_cortex_m.c.obj (.text:_c_int00_noargs:_c_int00_noargs)
                  0000130c    0000002c     driverlib.lib : gpio.obj (.text:GPIODirModeSet)
                  00001338    0000002c                   : hibernate.obj (.text:HibernateRTCSet)
                  00001364    00000020                   : uart.obj (.text:UARTDisable)
                  00001384    0000001c     rtsv7M4_T_le_v4SPD16_eabi.lib : copy_zero_init.c.obj (.text:decompress:ZI:__TI_zero_init_nomemset:__TI_zero_init_nomemset)
                  000013a0    0000001a     driverlib.lib : gpio.obj (.text:GPIOPinTypeGPIOOutput)
                  000013ba    00000002     --HOLE-- [fill = 0]
                  000013bc    00000018                   : hibernate.obj (.text:HibernateGPIORetentionEnable)
                  000013d4    00000016                   : gpio.obj (.text:GPIOPinTypeUART)
                  000013ea    00000002     --HOLE-- [fill = 0]
                  000013ec    00000014                   : hibernate.obj (.text:HibernateEnableExpClk)
                  00001400    00000014                   : hibernate.obj (.text:HibernateRTCEnable)
                  00001414    00000014                   : hibernate.obj (.text:HibernateRequest)
                  00001428    00000014                   : uart.obj (.text:UARTEnable)
                  0000143c    00000014     rtsv7M4_T_le_v4SPD16_eabi.lib : strcpy.c.obj (.text:strcpy)
                  00001450    00000010     driverlib.lib : hibernate.obj (.text:HibernateRTCMatchSet)
                  00001460    00000010                   : interrupt.obj (.text:IntMasterEnable)
                  00001470    00000010                   : hibernate.obj (.text:_HibernateWriteComplete)
                  00001480    0000000e                   : uart.obj (.text:UARTCharGetNonBlocking)
                  0000148e    0000000e                   : uart.obj (.text:UARTCharPutNonBlocking)
                  0000149c    0000000e                   : uart.obj (.text:UARTCharsAvail)
                  000014aa    0000000e     rtsv7M4_T_le_v4SPD16_eabi.lib : copy_decompress_none.c.obj (.text:decompress:none:__TI_decompress_none)
                  000014b8    0000000c     driverlib.lib : cpu.obj (.text:CPUcpsie)
                  000014c4    0000000c                   : hibernate.obj (.text:HibernateRTCGet)
                  000014d0    0000000c     tm4c123gh6pm_startup_ccs.obj (.text)
                  000014dc    0000000a     driverlib.lib : uart.obj (.text:UARTCharGet)
                  000014e6    0000000a                   : uart.obj (.text:UARTCharPut)
                  000014f0    0000000a                   : uart.obj (.text:UARTIntStatus)
                  000014fa    00000008                   : uart.obj (.text:UARTIntEnable)
                  00001502    00000006                   : gpio.obj (.text:GPIOPinWrite)
                  00001508    00000006                   : sysctl.obj (.text:SysCtlDelay)
                  0000150e    00000004                   : uart.obj (.text:UARTIntClear)
                  00001512    00000004     rtsv7M4_T_le_v4SPD16_eabi.lib : pre_init.c.obj (.text:_system_pre_init)
                  00001516    00000004                                   : exit.c.obj (.text:abort:abort)

.const     0    0000151c    00000298     
                  0000151c    00000101     rtsv7M4_T_le_v4SPD16_eabi.lib : ctype.c.obj (.const:.string:_ctypes_)
                  0000161d    00000003     --HOLE-- [fill = 0]
                  00001620    00000090     driverlib.lib : gpio.obj (.const:g_pui32GPIOBaseAddrs)
                  000016b0    0000006c                   : sysctl.obj (.const:g_pui32Xtals)
                  0000171c    00000060     rtsv7M4_T_le_v4SPD16_eabi.lib : mktime.c.obj (.const:$O1$$)
                  0000177c    00000024     main.obj (.const:$P$T0$1)
                  000017a0    00000014     driverlib.lib : interrupt.obj (.const:g_pui32EnRegs)

.cinit     0    000017b8    00000040     
                  000017b8    0000001c     (.cinit..data.load) [load image, compression = lzss]
                  000017d4    0000000c     (__TI_handler_table)
                  000017e0    00000008     (.cinit..bss.load) [load image, compression = zero_init]
                  000017e8    00000010     (__TI_cinit_table)

.init_array 
*          0    00000000    00000000     UNINITIALIZED

.bss       0    200001f8    000000c8     UNINITIALIZED
                  200001f8    00000064     (.common:textReceived)
                  2000025c    00000064     (.common:textToSend)

.data      0    200002c0    00000037     UNINITIALIZED
                  200002c0    00000024     rtsv7M4_T_le_v4SPD16_eabi.lib : localtim.c.obj (.data:local_tm)
                  200002e4    00000010                                   : tmzone.c.obj (.data:_tz)
                  200002f4    00000003     buttons.obj (.data)

.stack     0    20000000    000001f8     UNINITIALIZED
                  20000000    00000004     rtsv7M4_T_le_v4SPD16_eabi.lib : boot_cortex_m.c.obj (.stack)
                  20000004    000001f4     --HOLE--

__llvm_prf_cnts 
*          0    20000000    00000000     UNINITIALIZED

MODULE SUMMARY

       Module                         code   ro data   rw data
       ------                         ----   -------   -------
    .\
       main.obj                       796    36        200    
       tm4c123gh6pm_startup_ccs.obj   12     620       0      
    +--+------------------------------+------+---------+---------+
       Total:                         808    656       200    
                                                              
    .\drivers\
       buttons.obj                    296    0         3      
    +--+------------------------------+------+---------+---------+
       Total:                         296    0         3      
                                                              
    C:/ti/TivaWare_C_Series-2.2.0.295/driverlib/ccs/Debug/driverlib.lib
       sysctl.obj                     582    108       0      
       gpio.obj                       538    144       0      
       hibernate.obj                  272    0         0      
       uart.obj                       206    0         0      
       interrupt.obj                  120    20        0      
       cpu.obj                        12     0         0      
    +--+------------------------------+------+---------+---------+
       Total:                         1730   272       0      
                                                              
    C:\ti\ccs1011\ccs\tools\compiler\ti-cgt-arm_20.2.1.LTS\lib\rtsv7M4_T_le_v4SPD16_eabi.lib
       mktime.c.obj                   672    96        0      
       localtim.c.obj                 308    0         36     
       ctype.c.obj                    0      257       0      
       memcpy_t2.asm.obj              156    0         0      
       ull_div_t2.asm.obj             150    0         0      
       ll_div_t2.asm.obj              110    0         0      
       ltoa.c.obj                     110    0         0      
       copy_decompress_lzss.c.obj     104    0         0      
       atoi.c.obj                     76     0         0      
       autoinit.c.obj                 68     0         0      
       u_divt2.asm.obj                64     0         0      
       boot_cortex_m.c.obj            52     0         0      
       copy_zero_init.c.obj           28     0         0      
       strcpy.c.obj                   20     0         0      
       tmzone.c.obj                   0      0         16     
       copy_decompress_none.c.obj     14     0         0      
       exit.c.obj                     4      0         0      
       pre_init.c.obj                 4      0         0      
       div0.asm.obj                   2      0         0      
    +--+------------------------------+------+---------+---------+
       Total:                         1942   353       52     
                                                              
       Stack:                         0      0         504    
       Linker Generated:              0      64        0      
    +--+------------------------------+------+---------+---------+
       Grand Total:                   4776   1345      759    


LINKER GENERATED COPY TABLES

__TI_cinit_table @ 000017e8 records: 2, size/record: 8, table size: 16
	.data: load addr=000017b8, load size=0000001c bytes, run addr=200002c0, run size=00000037 bytes, compression=lzss
	.bss: load addr=000017e0, load size=00000008 bytes, run addr=200001f8, run size=000000c8 bytes, compression=zero_init


LINKER GENERATED HANDLER TABLE

__TI_handler_table @ 000017d4 records: 3, size/record: 4, table size: 12
	index: 0, handler: __TI_decompress_lzss
	index: 1, handler: __TI_decompress_none
	index: 2, handler: __TI_zero_init


GLOBAL SYMBOLS: SORTED ALPHABETICALLY BY Name 

address   name                          
-------   ----                          
00000b6f  ButtonsInit                   
00000ac9  ButtonsPoll                   
00001517  C$$EXIT                       
000014b9  CPUcpsie                      
0000130d  GPIODirModeSet                
00000829  GPIOPadConfigSet              
00001141  GPIOPinConfigure              
000013a1  GPIOPinTypeGPIOOutput         
000013d5  GPIOPinTypeUART               
00001503  GPIOPinWrite                  
000013ed  HibernateEnableExpClk         
000013bd  HibernateGPIORetentionEnable  
00001401  HibernateRTCEnable            
000014c5  HibernateRTCGet               
00001451  HibernateRTCMatchSet          
00001339  HibernateRTCSet               
00001415  HibernateRequest              
000010dd  HibernateWakeSet              
0000100d  IntEnable                     
00001461  IntMasterEnable               
000014d1  ResetISR                      
00000bf1  SysCtlClockGet                
00000d09  SysCtlClockSet                
00001509  SysCtlDelay                   
000012a5  SysCtlPeripheralEnable        
000014dd  UARTCharGet                   
00001481  UARTCharGetNonBlocking        
000014e7  UARTCharPut                   
0000148f  UARTCharPutNonBlocking        
0000149d  UARTCharsAvail                
000011d9  UARTConfigSetExpClk           
00001365  UARTDisable                   
00001429  UARTEnable                    
0000150f  UARTIntClear                  
000014fb  UARTIntEnable                 
000002d7  UARTIntHandler                
000014f1  UARTIntStatus                 
200001f8  __STACK_END                   
000001f8  __STACK_SIZE                  
20000200  __STACK_TOP                   
000017e8  __TI_CINIT_Base               
000017f8  __TI_CINIT_Limit              
000017d4  __TI_Handler_Table_Base       
000017e0  __TI_Handler_Table_Limit      
00001221  __TI_auto_init_nobinit_nopinit
00001075  __TI_decompress_lzss          
000014ab  __TI_decompress_none          
ffffffff  __TI_pprof_out_hndl           
ffffffff  __TI_prof_data_size           
ffffffff  __TI_prof_data_start          
00000000  __TI_static_base__            
00001385  __TI_zero_init_nomemset       
00000f2f  __aeabi_idiv0                 
00000f2f  __aeabi_ldiv0                 
00000f9f  __aeabi_ldivmod               
00000dfd  __aeabi_memcpy                
00000dfd  __aeabi_memcpy4               
00000dfd  __aeabi_memcpy8               
00001265  __aeabi_uidiv                 
00001265  __aeabi_uidivmod              
00000e99  __aeabi_uldivmod              
ffffffff  __binit__                     
ffffffff  __c_args__                    
00000995  __localtime32                 
00000589  __mktime32                    
UNDEFED   __mpu_init                    
20000000  __stack                       
20000000  __start___llvm_prf_cnts       
20000000  __stop___llvm_prf_cnts        
000012d9  _c_int00_noargs               
0000151c  _ctypes_                      
UNDEFED   _system_post_cinit            
00001513  _system_pre_init              
200002e4  _tz                           
00001517  abort                         
0000118d  atoi                          
ffffffff  binit                         
00000000  g_pfnVectors                  
00000995  localtime                     
00000f31  ltoa                          
0000026d  main                          
00000dfd  memcpy                        
00000589  mktime                        
00000421  putString                     
0000030d  realTimeClock                 
00000441  setTimeBase                   
0000143d  strcpy                        
200001f8  textReceived                  
2000025c  textToSend                    
00000497  tmToString                    


GLOBAL SYMBOLS: SORTED BY Symbol Address 

address   name                          
-------   ----                          
00000000  __TI_static_base__            
00000000  g_pfnVectors                  
000001f8  __STACK_SIZE                  
0000026d  main                          
000002d7  UARTIntHandler                
0000030d  realTimeClock                 
00000421  putString                     
00000441  setTimeBase                   
00000497  tmToString                    
00000589  __mktime32                    
00000589  mktime                        
00000829  GPIOPadConfigSet              
00000995  __localtime32                 
00000995  localtime                     
00000ac9  ButtonsPoll                   
00000b6f  ButtonsInit                   
00000bf1  SysCtlClockGet                
00000d09  SysCtlClockSet                
00000dfd  __aeabi_memcpy                
00000dfd  __aeabi_memcpy4               
00000dfd  __aeabi_memcpy8               
00000dfd  memcpy                        
00000e99  __aeabi_uldivmod              
00000f2f  __aeabi_idiv0                 
00000f2f  __aeabi_ldiv0                 
00000f31  ltoa                          
00000f9f  __aeabi_ldivmod               
0000100d  IntEnable                     
00001075  __TI_decompress_lzss          
000010dd  HibernateWakeSet              
00001141  GPIOPinConfigure              
0000118d  atoi                          
000011d9  UARTConfigSetExpClk           
00001221  __TI_auto_init_nobinit_nopinit
00001265  __aeabi_uidiv                 
00001265  __aeabi_uidivmod              
000012a5  SysCtlPeripheralEnable        
000012d9  _c_int00_noargs               
0000130d  GPIODirModeSet                
00001339  HibernateRTCSet               
00001365  UARTDisable                   
00001385  __TI_zero_init_nomemset       
000013a1  GPIOPinTypeGPIOOutput         
000013bd  HibernateGPIORetentionEnable  
000013d5  GPIOPinTypeUART               
000013ed  HibernateEnableExpClk         
00001401  HibernateRTCEnable            
00001415  HibernateRequest              
00001429  UARTEnable                    
0000143d  strcpy                        
00001451  HibernateRTCMatchSet          
00001461  IntMasterEnable               
00001481  UARTCharGetNonBlocking        
0000148f  UARTCharPutNonBlocking        
0000149d  UARTCharsAvail                
000014ab  __TI_decompress_none          
000014b9  CPUcpsie                      
000014c5  HibernateRTCGet               
000014d1  ResetISR                      
000014dd  UARTCharGet                   
000014e7  UARTCharPut                   
000014f1  UARTIntStatus                 
000014fb  UARTIntEnable                 
00001503  GPIOPinWrite                  
00001509  SysCtlDelay                   
0000150f  UARTIntClear                  
00001513  _system_pre_init              
00001517  C$$EXIT                       
00001517  abort                         
0000151c  _ctypes_                      
000017d4  __TI_Handler_Table_Base       
000017e0  __TI_Handler_Table_Limit      
000017e8  __TI_CINIT_Base               
000017f8  __TI_CINIT_Limit              
20000000  __stack                       
20000000  __start___llvm_prf_cnts       
20000000  __stop___llvm_prf_cnts        
200001f8  __STACK_END                   
200001f8  textReceived                  
20000200  __STACK_TOP                   
2000025c  textToSend                    
200002e4  _tz                           
ffffffff  __TI_pprof_out_hndl           
ffffffff  __TI_prof_data_size           
ffffffff  __TI_prof_data_start          
ffffffff  __binit__                     
ffffffff  __c_args__                    
ffffffff  binit                         
UNDEFED   __mpu_init                    
UNDEFED   _system_post_cinit            

[90 symbols]
