******************************************************************************
                  TI ARM Linker PC v20.2.1                     
******************************************************************************
>> Linked Sat Jan  9 00:51:17 2021

OUTPUT FILE NAME:   <reading_multisensor_I2C_bosch.out>
ENTRY POINT SYMBOL: "_c_int00_noargs"  address: 00003e9d


MEMORY CONFIGURATION

         name            origin    length      used     unused   attr    fill
----------------------  --------  ---------  --------  --------  ----  --------
  FLASH                 00000000   00040000  000042d5  0003bd2b  R  X
  SRAM                  20000000   00008000  000005b8  00007a48  RW X


SEGMENT ALLOCATION MAP

run origin  load origin   length   init length attrs members
----------  ----------- ---------- ----------- ----- -------
00000000    00000000    000042d8   000042d8    r-x
  00000000    00000000    0000026c   0000026c    r-- .intvecs
  0000026c    0000026c    00003ed6   00003ed6    r-x .text
  00004142    00004142    00000103   00000103    r-- .const
  00004248    00004248    00000090   00000090    r-- .cinit
20000000    20000000    000005b8   00000000    rw-
  20000000    20000000    000001f8   00000000    rw- .stack
  200001f8    200001f8    000001e8   00000000    rw- .data
  200003e0    200003e0    000001c8   00000000    rw- .bss
  200005a8    200005a8    00000010   00000000    rw- .sysmem


SECTION ALLOCATION MAP

 output                                  attributes/
section   page    origin      length       input sections
--------  ----  ----------  ----------   ----------------
.intvecs   0    00000000    0000026c     
                  00000000    0000026c     tm4c123gh6pm_startup_ccs.obj (.intvecs)

.text      0    0000026c    00003ed6     
                  0000026c    00001144     bmp280.obj (.text)
                  000013b0    00000a4e     rtsv7M4_T_le_v4SPD16_eabi.lib : _printfi.c.obj (.text:__TI_printfi)
                  00001dfe    00000002                                   : _lock.c.obj (.text:_nop)
                  00001e00    00000270                                   : _printfi.c.obj (.text:_pconv_a)
                  00002070    000001f0     main.obj (.text)
                  00002260    000001d0     rtsv7M4_T_le_v4SPD16_eabi.lib : _printfi.c.obj (.text:_pconv_g)
                  00002430    000001b6                                   : fd_add_t2.asm.obj (.text)
                  000025e6    00000002                                   : div0.asm.obj (.text)
                  000025e8    0000013c                                   : _printfi.c.obj (.text:_pconv_e)
                  00002724    00000136                                   : fd_div_t2.asm.obj (.text)
                  0000285a    00000002     --HOLE-- [fill = 0]
                  0000285c    00000124                                   : _printfi.c.obj (.text:fcvt)
                  00002980    00000114                                   : fputs.c.obj (.text:fputs)
                  00002a94    00000110                                   : s_scalbn.c.obj (.text:scalbn)
                  00002ba4    00000108                                   : memory.c.obj (.text:aligned_alloc)
                  00002cac    000000fc                                   : fd_mul_t2.asm.obj (.text)
                  00002da8    000000f4     driverlib.lib : sysctl.obj (.text:SysCtlClockSet)
                  00002e9c    000000e4     rtsv7M4_T_le_v4SPD16_eabi.lib : memory.c.obj (.text:free)
                  00002f80    000000dc                                   : setvbuf.c.obj (.text:setvbuf)
                  0000305c    000000b1                                   : _printfi.c.obj (.text:_ltostr)
                  0000310d    00000001     --HOLE-- [fill = 0]
                  0000310e    0000009c                                   : memcpy_t2.asm.obj (.text)
                  000031aa    00000096                                   : ull_div_t2.asm.obj (.text)
                  00003240    0000008c                                   : fputc.c.obj (.text:fputc)
                  000032cc    00000086                                   : fd_cmp_t2.asm.obj (.text:__aeabi_cdcmple)
                  00003352    00000086                                   : fd_cmp_t2.asm.obj (.text:__aeabi_cdrcmple)
                  000033d8    0000007a                                   : memset_t2.asm.obj (.text)
                  00003452    00000002     --HOLE-- [fill = 0]
                  00003454    00000074                                   : fclose.c.obj (.text:__TI_closefile)
                  000034c8    00000070                                   : memory.c.obj (.text:split)
                  00003538    0000006e                                   : _printfi.c.obj (.text:_mcpy)
                  000035a6    0000006e                                   : ll_div_t2.asm.obj (.text)
                  00003614    0000006c                                   : hostrename.c.obj (.text:HOSTrename)
                  00003680    00000068                                   : hostlseek.c.obj (.text:HOSTlseek)
                  000036e8    00000068                                   : copy_decompress_lzss.c.obj (.text:decompress:lzss:__TI_decompress_lzss)
                  00003750    00000068                                   : printf.c.obj (.text:printf)
                  000037b8    00000064                                   : s_frexp.c.obj (.text:frexp)
                  0000381c    00000064                                   : fseek.c.obj (.text:fseek)
                  00003880    00000062                                   : _io_perm.c.obj (.text:__TI_wrt_ok)
                  000038e2    00000002     --HOLE-- [fill = 0]
                  000038e4    00000060                                   : hostopen.c.obj (.text:HOSTopen)
                  00003944    0000005c                                   : close.c.obj (.text:close)
                  000039a0    00000058                                   : hostread.c.obj (.text:HOSTread)
                  000039f8    00000058                                   : hostwrite.c.obj (.text:HOSTwrite)
                  00003a50    00000056                                   : _printfi.c.obj (.text:_pconv_f)
                  00003aa6    00000054                                   : _ltoa.c.obj (.text:__TI_ltoa)
                  00003afa    00000052                                   : _printfi.c.obj (.text:_ecpy)
                  00003b4c    0000004c                                   : fflush.c.obj (.text:__TI_doflush)
                  00003b98    0000004c                                   : atoi.c.obj (.text:atoi)
                  00003be4    00000048                                   : exit.c.obj (.text:exit)
                  00003c2c    00000048                                   : fd_toi_t2.asm.obj (.text)
                  00003c74    00000044                                   : hostclose.c.obj (.text:HOSTclose)
                  00003cb8    00000044                                   : hostunlink.c.obj (.text:HOSTunlink)
                  00003cfc    00000044                                   : autoinit.c.obj (.text:__TI_auto_init_nobinit_nopinit:__TI_auto_init_nobinit_nopinit)
                  00003d40    00000044                                   : getdevice.c.obj (.text:getdevice)
                  00003d84    0000003e                                   : _printfi.c.obj (.text:_fcpy)
                  00003dc2    00000002     --HOLE-- [fill = 0]
                  00003dc4    00000038                                   : trgmsg.c.obj (.text:__TI_writemsg)
                  00003dfc    00000036                                   : strncpy.c.obj (.text:strncpy)
                  00003e32    00000002     --HOLE-- [fill = 0]
                  00003e34    00000034                                   : fopen.c.obj (.text:__TI_cleanup)
                  00003e68    00000034                                   : trgmsg.c.obj (.text:__TI_readmsg)
                  00003e9c    00000034                                   : boot_cortex_m.c.obj (.text:_c_int00_noargs:_c_int00_noargs)
                  00003ed0    00000030                                   : getdevice.c.obj (.text:finddevice)
                  00003f00    0000002e                                   : i_tofd_t2.asm.obj (.text)
                  00003f2e    00000002     --HOLE-- [fill = 0]
                  00003f30    0000002c                                   : unlink.c.obj (.text:unlink)
                  00003f5c    00000028                                   : memory.c.obj (.text:free_list_insert)
                  00003f84    00000028                                   : lseek.c.obj (.text:lseek)
                  00003fac    00000028                                   : write.c.obj (.text:write)
                  00003fd4    00000020                                   : memchr.c.obj (.text:memchr)
                  00003ff4    00000020                                   : u_tofd_t2.asm.obj (.text)
                  00004014    0000001c                                   : copy_zero_init.c.obj (.text:decompress:ZI:__TI_zero_init_nomemset:__TI_zero_init_nomemset)
                  00004030    0000001c                                   : memory.c.obj (.text:free_list_remove)
                  0000404c    0000001c                                   : memccpy.c.obj (.text:memccpy)
                  00004068    0000001a                                   : s_copysign.c.obj (.text:copysign)
                  00004082    00000018                                   : ll_mul_t2.asm.obj (.text)
                  0000409a    00000018                                   : strcmp.c.obj (.text:strcmp)
                  000040b2    00000016                                   : strchr.c.obj (.text:strchr)
                  000040c8    00000014                                   : strcpy.c.obj (.text:strcpy)
                  000040dc    00000014                                   : strlen.c.obj (.text:strlen)
                  000040f0    00000012                                   : wcslen.c.obj (.text:wcslen)
                  00004102    0000000e                                   : copy_decompress_none.c.obj (.text:decompress:none:__TI_decompress_none)
                  00004110    0000000c     tm4c123gh6pm_startup_ccs.obj (.text)
                  0000411c    00000008     rtsv7M4_T_le_v4SPD16_eabi.lib : errno.c.obj (.text:__aeabi_errno_addr)
                  00004124    00000008                                   : memory.c.obj (.text:malloc)
                  0000412c    00000006     driverlib.lib : sysctl.obj (.text:SysCtlDelay)
                  00004132    00000004     rtsv7M4_T_le_v4SPD16_eabi.lib : printf.c.obj (.text:_outc)
                  00004136    00000004                                   : printf.c.obj (.text:_outs)
                  0000413a    00000004                                   : pre_init.c.obj (.text:_system_pre_init)
                  0000413e    00000004                                   : exit.c.obj (.text:abort:abort)

.const     0    00004142    00000103     
                  00004142    00000101     rtsv7M4_T_le_v4SPD16_eabi.lib : ctype.c.obj (.const:.string:_ctypes_)
                  00004243    00000002     bmp280.obj (.const:.string:$P$T0$1)

.cinit     0    00004248    00000090     
                  00004248    0000006a     (.cinit..data.load) [load image, compression = lzss]
                  000042b2    00000002     --HOLE-- [fill = 0]
                  000042b4    0000000c     (__TI_handler_table)
                  000042c0    00000008     (.cinit..bss.load) [load image, compression = zero_init]
                  000042c8    00000010     (__TI_cinit_table)

.init_array 
*          0    00000000    00000000     UNINITIALIZED

.stack     0    20000000    000001f8     UNINITIALIZED
                  20000000    00000004     rtsv7M4_T_le_v4SPD16_eabi.lib : boot_cortex_m.c.obj (.stack)
                  20000004    000001f4     --HOLE--

.data      0    200001f8    000001e8     UNINITIALIZED
                  200001f8    000000f0     rtsv7M4_T_le_v4SPD16_eabi.lib : defs.c.obj (.data:_ftable)
                  200002e8    00000078                                   : host_device.c.obj (.data:_device)
                  20000360    00000050                                   : host_device.c.obj (.data:_stream)
                  200003b0    00000010                                   : defs.c.obj (.data)
                  200003c0    0000000c                                   : exit.c.obj (.data:$O1$$)
                  200003cc    00000008                                   : _lock.c.obj (.data:$O1$$)
                  200003d4    00000008                                   : memory.c.obj (.data:$O1$$)
                  200003dc    00000004                                   : errno.c.obj (.data)

.bss       0    200003e0    000001c8     UNINITIALIZED
                  200003e0    00000120     rtsv7M4_T_le_v4SPD16_eabi.lib : trgmsg.c.obj (.bss:_CIOBUF_)
                  20000500    000000a0     (.common:__TI_tmpnams)
                  200005a0    00000008     (.common:parmbuf)

.sysmem    0    200005a8    00000010     UNINITIALIZED
                  200005a8    00000010     rtsv7M4_T_le_v4SPD16_eabi.lib : memory.c.obj (.sysmem)

__llvm_prf_cnts 
*          0    20000000    00000000     UNINITIALIZED

MODULE SUMMARY

       Module                         code    ro data   rw data
       ------                         ----    -------   -------
    .\
       tm4c123gh6pm_startup_ccs.obj   12      620       0      
       main.obj                       496     0         0      
    +--+------------------------------+-------+---------+---------+
       Total:                         508     620       0      
                                                               
    .\BMP280\
       bmp280.obj                     4420    2         0      
    +--+------------------------------+-------+---------+---------+
       Total:                         4420    2         0      
                                                               
    C:/ti/TivaWare_C_Series-2.2.0.295/driverlib/ccs/Debug/driverlib.lib
       sysctl.obj                     250     0         0      
    +--+------------------------------+-------+---------+---------+
       Total:                         250     0         0      
                                                               
    C:\ti\ccs1011\ccs\tools\compiler\ti-cgt-arm_20.2.1.LTS\lib\rtsv7M4_T_le_v4SPD16_eabi.lib
       _printfi.c.obj                 4851    0         0      
       memory.c.obj                   680     0         8      
       fd_add_t2.asm.obj              438     0         0      
       defs.c.obj                     0       0         416    
       trgmsg.c.obj                   108     0         288    
       fd_div_t2.asm.obj              310     0         0      
       fputs.c.obj                    276     0         0      
       s_scalbn.c.obj                 272     0         0      
       fd_cmp_t2.asm.obj              268     0         0      
       ctype.c.obj                    0       257       0      
       fd_mul_t2.asm.obj              252     0         0      
       setvbuf.c.obj                  220     0         0      
       host_device.c.obj              0       0         200    
       memcpy_t2.asm.obj              156     0         0      
       ull_div_t2.asm.obj             150     0         0      
       fputc.c.obj                    140     0         0      
       memset_t2.asm.obj              122     0         0      
       fclose.c.obj                   116     0         0      
       getdevice.c.obj                116     0         0      
       printf.c.obj                   112     0         0      
       ll_div_t2.asm.obj              110     0         0      
       hostrename.c.obj               108     0         0      
       copy_decompress_lzss.c.obj     104     0         0      
       hostlseek.c.obj                104     0         0      
       hostopen.c.obj                 96      0         8      
       fseek.c.obj                    100     0         0      
       s_frexp.c.obj                  100     0         0      
       _io_perm.c.obj                 98      0         0      
       close.c.obj                    92      0         0      
       exit.c.obj                     76      0         12     
       hostread.c.obj                 88      0         0      
       hostwrite.c.obj                88      0         0      
       _ltoa.c.obj                    84      0         0      
       atoi.c.obj                     76      0         0      
       fflush.c.obj                   76      0         0      
       fd_toi_t2.asm.obj              72      0         0      
       autoinit.c.obj                 68      0         0      
       hostclose.c.obj                68      0         0      
       hostunlink.c.obj               68      0         0      
       strncpy.c.obj                  54      0         0      
       boot_cortex_m.c.obj            52      0         0      
       fopen.c.obj                    52      0         0      
       i_tofd_t2.asm.obj              46      0         0      
       unlink.c.obj                   44      0         0      
       lseek.c.obj                    40      0         0      
       write.c.obj                    40      0         0      
       memchr.c.obj                   32      0         0      
       u_tofd_t2.asm.obj              32      0         0      
       copy_zero_init.c.obj           28      0         0      
       memccpy.c.obj                  28      0         0      
       s_copysign.c.obj               26      0         0      
       ll_mul_t2.asm.obj              24      0         0      
       strcmp.c.obj                   24      0         0      
       strchr.c.obj                   22      0         0      
       strcpy.c.obj                   20      0         0      
       strlen.c.obj                   20      0         0      
       wcslen.c.obj                   18      0         0      
       copy_decompress_none.c.obj     14      0         0      
       errno.c.obj                    8       0         4      
       _lock.c.obj                    2       0         8      
       pre_init.c.obj                 4       0         0      
       div0.asm.obj                   2       0         0      
    +--+------------------------------+-------+---------+---------+
       Total:                         10895   257       944    
                                                               
       Heap:                          0       0         16     
       Stack:                         0       0         504    
       Linker Generated:              0       142       0      
    +--+------------------------------+-------+---------+---------+
       Grand Total:                   16073   1021      1464   


LINKER GENERATED COPY TABLES

__TI_cinit_table @ 000042c8 records: 2, size/record: 8, table size: 16
	.data: load addr=00004248, load size=0000006a bytes, run addr=200001f8, run size=000001e8 bytes, compression=lzss
	.bss: load addr=000042c0, load size=00000008 bytes, run addr=200003e0, run size=000001c8 bytes, compression=zero_init


LINKER GENERATED HANDLER TABLE

__TI_handler_table @ 000042b4 records: 3, size/record: 4, table size: 12
	index: 0, handler: __TI_decompress_lzss
	index: 1, handler: __TI_decompress_none
	index: 2, handler: __TI_zero_init


GLOBAL SYMBOLS: SORTED ALPHABETICALLY BY Name 

address   name                           
-------   ----                           
0000413f  C$$EXIT                        
00003df3  C$$IO$$                        
00003c75  HOSTclose                      
00003681  HOSTlseek                      
000038e5  HOSTopen                       
000039a1  HOSTread                       
00003615  HOSTrename                     
00003cb9  HOSTunlink                     
000039f9  HOSTwrite                      
00004111  ResetISR                       
00002da9  SysCtlClockSet                 
0000412d  SysCtlDelay                    
200003e0  __CIOBUF_                      
200001f8  __STACK_END                    
000001f8  __STACK_SIZE                   
20000200  __STACK_TOP                    
00000010  __SYSMEM_SIZE                  
000042c8  __TI_CINIT_Base                
000042d8  __TI_CINIT_Limit               
000042b4  __TI_Handler_Table_Base        
000042c0  __TI_Handler_Table_Limit       
00003cfd  __TI_auto_init_nobinit_nopinit 
00003e35  __TI_cleanup                   
200003c0  __TI_cleanup_ptr               
00003455  __TI_closefile                 
000036e9  __TI_decompress_lzss           
00004103  __TI_decompress_none           
00003b4d  __TI_doflush                   
200003c4  __TI_dtors_ptr                 
200003c8  __TI_enable_exit_profile_output
200003b0  __TI_ft_end                    
00003aa7  __TI_ltoa                      
ffffffff  __TI_pprof_out_hndl            
000013b1  __TI_printfi                   
ffffffff  __TI_prof_data_size            
ffffffff  __TI_prof_data_start           
00003e69  __TI_readmsg                   
00000000  __TI_static_base__             
20000500  __TI_tmpnams                   
00003dc5  __TI_writemsg                  
00003881  __TI_wrt_ok                    
00004015  __TI_zero_init_nomemset        
000032cd  __aeabi_cdcmpeq                
000032cd  __aeabi_cdcmple                
00003353  __aeabi_cdrcmple               
00003c2d  __aeabi_d2iz                   
0000243b  __aeabi_dadd                   
00002725  __aeabi_ddiv                   
00002cad  __aeabi_dmul                   
00002431  __aeabi_dsub                   
0000411d  __aeabi_errno_addr             
00003f01  __aeabi_i2d                    
000025e7  __aeabi_idiv0                  
000025e7  __aeabi_ldiv0                  
000035a7  __aeabi_ldivmod                
00004083  __aeabi_lmul                   
000033d9  __aeabi_memclr                 
000033d9  __aeabi_memclr4                
000033d9  __aeabi_memclr8                
0000310f  __aeabi_memcpy                 
0000310f  __aeabi_memcpy4                
0000310f  __aeabi_memcpy8                
000033db  __aeabi_memset                 
000033db  __aeabi_memset4                
000033db  __aeabi_memset8                
200003bc  __aeabi_stderr                 
200003b4  __aeabi_stdin                  
200003b8  __aeabi_stdout                 
00003ff5  __aeabi_ui2d                   
000031ab  __aeabi_uldivmod               
ffffffff  __binit__                      
ffffffff  __c_args__                     
UNDEFED   __mpu_init                     
20000000  __stack                        
20000000  __start___llvm_prf_cnts        
20000000  __stop___llvm_prf_cnts         
00003e9d  _c_int00_noargs                
00004142  _ctypes_                       
200002e8  _device                        
200001f8  _ftable                        
200003cc  _lock                          
00001dff  _nop                           
20000360  _stream                        
200005a8  _sys_memory                    
UNDEFED   _system_post_cinit             
0000413b  _system_pre_init               
200003d0  _unlock                        
0000413f  abort                          
00002ba5  aligned_alloc                  
00003b99  atoi                           
ffffffff  binit                          
00000fa5  bmp280_compute_meas_time       
000007c7  bmp280_get_comp_pres_32bit     
0000096b  bmp280_get_comp_pres_64bit     
00000d35  bmp280_get_comp_pres_double    
0000070b  bmp280_get_comp_temp_32bit     
00000bd3  bmp280_get_comp_temp_double    
000004e3  bmp280_get_config              
000005f1  bmp280_get_power_mode          
0000026d  bmp280_get_regs                
0000059b  bmp280_get_status              
00000669  bmp280_get_uncomp_data         
00000417  bmp280_init                    
00000589  bmp280_set_config              
00000639  bmp280_set_power_mode          
000002db  bmp280_set_regs                
000003d3  bmp280_soft_reset              
00003945  close                          
00004069  copysign                       
00004069  copysignl                      
000020a5  delay_ms                       
200003dc  errno                          
00003be5  exit                           
00003ed1  finddevice                     
00003241  fputc                          
00002981  fputs                          
00002e9d  free                           
000037b9  frexp                          
000037b9  frexpl                         
0000381d  fseek                          
00000000  g_pfnVectors                   
00003d41  getdevice                      
000020cb  i2c_reg_read                   
000020b1  i2c_reg_write                  
00002a95  ldexp                          
00002a95  ldexpl                         
00003f85  lseek                          
00002071  main                           
00004125  malloc                         
00002ba5  memalign                       
0000404d  memccpy                        
00003fd5  memchr                         
0000310f  memcpy                         
000033e1  memset                         
200005a0  parmbuf                        
00002119  print_rslt                     
00003751  printf                         
00003241  putc                           
00003f31  remove                         
00002a95  scalbn                         
00002a95  scalbnl                        
00002f81  setvbuf                        
000020ff  spi_reg_read                   
000020e5  spi_reg_write                  
000040b3  strchr                         
0000409b  strcmp                         
000040c9  strcpy                         
000040dd  strlen                         
00003dfd  strncpy                        
00003f31  unlink                         
000040f1  wcslen                         
00003fad  write                          


GLOBAL SYMBOLS: SORTED BY Symbol Address 

address   name                           
-------   ----                           
00000000  __TI_static_base__             
00000000  g_pfnVectors                   
00000010  __SYSMEM_SIZE                  
000001f8  __STACK_SIZE                   
0000026d  bmp280_get_regs                
000002db  bmp280_set_regs                
000003d3  bmp280_soft_reset              
00000417  bmp280_init                    
000004e3  bmp280_get_config              
00000589  bmp280_set_config              
0000059b  bmp280_get_status              
000005f1  bmp280_get_power_mode          
00000639  bmp280_set_power_mode          
00000669  bmp280_get_uncomp_data         
0000070b  bmp280_get_comp_temp_32bit     
000007c7  bmp280_get_comp_pres_32bit     
0000096b  bmp280_get_comp_pres_64bit     
00000bd3  bmp280_get_comp_temp_double    
00000d35  bmp280_get_comp_pres_double    
00000fa5  bmp280_compute_meas_time       
000013b1  __TI_printfi                   
00001dff  _nop                           
00002071  main                           
000020a5  delay_ms                       
000020b1  i2c_reg_write                  
000020cb  i2c_reg_read                   
000020e5  spi_reg_write                  
000020ff  spi_reg_read                   
00002119  print_rslt                     
00002431  __aeabi_dsub                   
0000243b  __aeabi_dadd                   
000025e7  __aeabi_idiv0                  
000025e7  __aeabi_ldiv0                  
00002725  __aeabi_ddiv                   
00002981  fputs                          
00002a95  ldexp                          
00002a95  ldexpl                         
00002a95  scalbn                         
00002a95  scalbnl                        
00002ba5  aligned_alloc                  
00002ba5  memalign                       
00002cad  __aeabi_dmul                   
00002da9  SysCtlClockSet                 
00002e9d  free                           
00002f81  setvbuf                        
0000310f  __aeabi_memcpy                 
0000310f  __aeabi_memcpy4                
0000310f  __aeabi_memcpy8                
0000310f  memcpy                         
000031ab  __aeabi_uldivmod               
00003241  fputc                          
00003241  putc                           
000032cd  __aeabi_cdcmpeq                
000032cd  __aeabi_cdcmple                
00003353  __aeabi_cdrcmple               
000033d9  __aeabi_memclr                 
000033d9  __aeabi_memclr4                
000033d9  __aeabi_memclr8                
000033db  __aeabi_memset                 
000033db  __aeabi_memset4                
000033db  __aeabi_memset8                
000033e1  memset                         
00003455  __TI_closefile                 
000035a7  __aeabi_ldivmod                
00003615  HOSTrename                     
00003681  HOSTlseek                      
000036e9  __TI_decompress_lzss           
00003751  printf                         
000037b9  frexp                          
000037b9  frexpl                         
0000381d  fseek                          
00003881  __TI_wrt_ok                    
000038e5  HOSTopen                       
00003945  close                          
000039a1  HOSTread                       
000039f9  HOSTwrite                      
00003aa7  __TI_ltoa                      
00003b4d  __TI_doflush                   
00003b99  atoi                           
00003be5  exit                           
00003c2d  __aeabi_d2iz                   
00003c75  HOSTclose                      
00003cb9  HOSTunlink                     
00003cfd  __TI_auto_init_nobinit_nopinit 
00003d41  getdevice                      
00003dc5  __TI_writemsg                  
00003df3  C$$IO$$                        
00003dfd  strncpy                        
00003e35  __TI_cleanup                   
00003e69  __TI_readmsg                   
00003e9d  _c_int00_noargs                
00003ed1  finddevice                     
00003f01  __aeabi_i2d                    
00003f31  remove                         
00003f31  unlink                         
00003f85  lseek                          
00003fad  write                          
00003fd5  memchr                         
00003ff5  __aeabi_ui2d                   
00004015  __TI_zero_init_nomemset        
0000404d  memccpy                        
00004069  copysign                       
00004069  copysignl                      
00004083  __aeabi_lmul                   
0000409b  strcmp                         
000040b3  strchr                         
000040c9  strcpy                         
000040dd  strlen                         
000040f1  wcslen                         
00004103  __TI_decompress_none           
00004111  ResetISR                       
0000411d  __aeabi_errno_addr             
00004125  malloc                         
0000412d  SysCtlDelay                    
0000413b  _system_pre_init               
0000413f  C$$EXIT                        
0000413f  abort                          
00004142  _ctypes_                       
000042b4  __TI_Handler_Table_Base        
000042c0  __TI_Handler_Table_Limit       
000042c8  __TI_CINIT_Base                
000042d8  __TI_CINIT_Limit               
20000000  __stack                        
20000000  __start___llvm_prf_cnts        
20000000  __stop___llvm_prf_cnts         
200001f8  __STACK_END                    
200001f8  _ftable                        
20000200  __STACK_TOP                    
200002e8  _device                        
20000360  _stream                        
200003b0  __TI_ft_end                    
200003b4  __aeabi_stdin                  
200003b8  __aeabi_stdout                 
200003bc  __aeabi_stderr                 
200003c0  __TI_cleanup_ptr               
200003c4  __TI_dtors_ptr                 
200003c8  __TI_enable_exit_profile_output
200003cc  _lock                          
200003d0  _unlock                        
200003dc  errno                          
200003e0  __CIOBUF_                      
20000500  __TI_tmpnams                   
200005a0  parmbuf                        
200005a8  _sys_memory                    
ffffffff  __TI_pprof_out_hndl            
ffffffff  __TI_prof_data_size            
ffffffff  __TI_prof_data_start           
ffffffff  __binit__                      
ffffffff  __c_args__                     
ffffffff  binit                          
UNDEFED   __mpu_init                     
UNDEFED   _system_post_cinit             

[152 symbols]
